Component: ARM Compiler 5.06 update 7 (build 960) Tool: armlink [4d3601]

==============================================================================

Section Cross References

    startup_stm32f10x_md.o(STACK) refers (Special) to heapauxi.o(.text) for __use_two_region_memory
    startup_stm32f10x_md.o(HEAP) refers (Special) to heapauxi.o(.text) for __use_two_region_memory
    startup_stm32f10x_md.o(RESET) refers (Special) to heapauxi.o(.text) for __use_two_region_memory
    startup_stm32f10x_md.o(RESET) refers to startup_stm32f10x_md.o(STACK) for __initial_sp
    startup_stm32f10x_md.o(RESET) refers to startup_stm32f10x_md.o(.text) for Reset_Handler
    startup_stm32f10x_md.o(RESET) refers to stm32f10x_it.o(i.NMI_Handler) for NMI_Handler
    startup_stm32f10x_md.o(RESET) refers to stm32f10x_it.o(i.HardFault_Handler) for HardFault_Handler
    startup_stm32f10x_md.o(RESET) refers to stm32f10x_it.o(i.MemManage_Handler) for MemManage_Handler
    startup_stm32f10x_md.o(RESET) refers to stm32f10x_it.o(i.BusFault_Handler) for BusFault_Handler
    startup_stm32f10x_md.o(RESET) refers to stm32f10x_it.o(i.UsageFault_Handler) for UsageFault_Handler
    startup_stm32f10x_md.o(RESET) refers to stm32f10x_it.o(i.SVC_Handler) for SVC_Handler
    startup_stm32f10x_md.o(RESET) refers to stm32f10x_it.o(i.DebugMon_Handler) for DebugMon_Handler
    startup_stm32f10x_md.o(RESET) refers to stm32f10x_it.o(i.PendSV_Handler) for PendSV_Handler
    startup_stm32f10x_md.o(RESET) refers to stm32f10x_it.o(i.SysTick_Handler) for SysTick_Handler
    startup_stm32f10x_md.o(RESET) refers to usart.o(i.USART1_IRQHandler) for USART1_IRQHandler
    startup_stm32f10x_md.o(RESET) refers to usart3.o(i.USART3_IRQHandler) for USART3_IRQHandler
    startup_stm32f10x_md.o(RESET) refers to key.o(i.EXTI15_10_IRQHandler) for EXTI15_10_IRQHandler
    startup_stm32f10x_md.o(.text) refers (Special) to heapauxi.o(.text) for __use_two_region_memory
    startup_stm32f10x_md.o(.text) refers to system_stm32f10x.o(i.SystemInit) for SystemInit
    startup_stm32f10x_md.o(.text) refers to __main.o(!!!main) for __main
    startup_stm32f10x_md.o(.text) refers to startup_stm32f10x_md.o(HEAP) for Heap_Mem
    startup_stm32f10x_md.o(.text) refers to startup_stm32f10x_md.o(STACK) for Stack_Mem
    main.o(i.AD_GetValue) refers to stm32f10x_adc.o(i.ADC_SoftwareStartConvCmd) for ADC_SoftwareStartConvCmd
    main.o(i.AD_GetValue) refers to stm32f10x_adc.o(i.ADC_GetFlagStatus) for ADC_GetFlagStatus
    main.o(i.AD_GetValue) refers to stm32f10x_adc.o(i.ADC_GetConversionValue) for ADC_GetConversionValue
    main.o(i.AD_init) refers to stm32f10x_rcc.o(i.RCC_APB2PeriphClockCmd) for RCC_APB2PeriphClockCmd
    main.o(i.AD_init) refers to stm32f10x_rcc.o(i.RCC_ADCCLKConfig) for RCC_ADCCLKConfig
    main.o(i.AD_init) refers to stm32f10x_gpio.o(i.GPIO_Init) for GPIO_Init
    main.o(i.AD_init) refers to stm32f10x_adc.o(i.ADC_RegularChannelConfig) for ADC_RegularChannelConfig
    main.o(i.AD_init) refers to stm32f10x_adc.o(i.ADC_Init) for ADC_Init
    main.o(i.AD_init) refers to stm32f10x_adc.o(i.ADC_Cmd) for ADC_Cmd
    main.o(i.AD_init) refers to stm32f10x_adc.o(i.ADC_ResetCalibration) for ADC_ResetCalibration
    main.o(i.AD_init) refers to stm32f10x_adc.o(i.ADC_GetResetCalibrationStatus) for ADC_GetResetCalibrationStatus
    main.o(i.AD_init) refers to stm32f10x_adc.o(i.ADC_StartCalibration) for ADC_StartCalibration
    main.o(i.AD_init) refers to stm32f10x_adc.o(i.ADC_GetCalibrationStatus) for ADC_GetCalibrationStatus
    main.o(i.main) refers to _printf_percent.o(.ARM.Collect$$_printf_percent$$00000000) for _printf_percent
    main.o(i.main) refers to _printf_f.o(.ARM.Collect$$_printf_percent$$00000003) for _printf_f
    main.o(i.main) refers to printf1.o(x$fpl$printf1) for _printf_fp_dec
    main.o(i.main) refers to _printf_d.o(.ARM.Collect$$_printf_percent$$00000009) for _printf_d
    main.o(i.main) refers to _printf_dec.o(.text) for _printf_int_dec
    main.o(i.main) refers to rt_memclr_w.o(.text) for __aeabi_memclr4
    main.o(i.main) refers to usart.o(i.uart_init) for uart_init
    main.o(i.main) refers to usart3.o(i.USART3_Config) for USART3_Config
    main.o(i.main) refers to delay.o(i.delay_init) for delay_init
    main.o(i.main) refers to key.o(i.Key_Init) for Key_Init
    main.o(i.main) refers to oled.o(i.OLED_Init) for OLED_Init
    main.o(i.main) refers to oled.o(i.OLED_Clear) for OLED_Clear
    main.o(i.main) refers to countsensor.o(i.CountSensor_Init) for CountSensor_Init
    main.o(i.main) refers to mlx90614.o(i.SMBus_Init) for SMBus_Init
    main.o(i.main) refers to main.o(i.AD_init) for AD_init
    main.o(i.main) refers to oled.o(i.display) for display
    main.o(i.main) refers to key.o(i.Buzzer) for Buzzer
    main.o(i.main) refers to xiic.o(i.IIC_GPIO_INIT) for IIC_GPIO_INIT
    main.o(i.main) refers to max30102.o(i.MAX30102_GPIO) for MAX30102_GPIO
    main.o(i.main) refers to max30102.o(i.Max30102_reset) for Max30102_reset
[...]
    i.RCC_APB1PeriphClockCmd                 0x08002888   Section        0  stm32f10x_rcc.o(i.RCC_APB1PeriphClockCmd)
    i.RCC_APB2PeriphClockCmd                 0x080028a8   Section        0  stm32f10x_rcc.o(i.RCC_APB2PeriphClockCmd)
    i.RCC_GetClocksFreq                      0x080028c8   Section        0  stm32f10x_rcc.o(i.RCC_GetClocksFreq)
    i.SMBus_Delay                            0x0800299c   Section        0  mlx90614.o(i.SMBus_Delay)
    i.SMBus_Init                             0x080029b8   Section        0  mlx90614.o(i.SMBus_Init)
    i.SMBus_ReadMemory                       0x080029f0   Section        0  mlx90614.o(i.SMBus_ReadMemory)
    i.SMBus_ReadTemp                         0x08002a98   Section        0  mlx90614.o(i.SMBus_ReadTemp)
    i.SMBus_ReceiveBit                       0x08002adc   Section        0  mlx90614.o(i.SMBus_ReceiveBit)
    i.SMBus_ReceiveByte                      0x08002b20   Section        0  mlx90614.o(i.SMBus_ReceiveByte)
    i.SMBus_SendBit                          0x08002b54   Section        0  mlx90614.o(i.SMBus_SendBit)
    i.SMBus_SendByte                         0x08002b90   Section        0  mlx90614.o(i.SMBus_SendByte)
    i.SMBus_StartBit                         0x08002bc0   Section        0  mlx90614.o(i.SMBus_StartBit)
    i.SMBus_StopBit                          0x08002bfc   Section        0  mlx90614.o(i.SMBus_StopBit)
    i.SVC_Handler                            0x08002c34   Section        0  stm32f10x_it.o(i.SVC_Handler)
    i.Safe                                   0x08002c38   Section        0  oled.o(i.Safe)
    i.SetSysClock                            0x08002c68   Section        0  system_stm32f10x.o(i.SetSysClock)
    SetSysClock                              0x08002c69   Thumb Code     8  system_stm32f10x.o(i.SetSysClock)
    i.SetSysClockTo72                        0x08002c70   Section        0  system_stm32f10x.o(i.SetSysClockTo72)
    SetSysClockTo72                          0x08002c71   Thumb Code   214  system_stm32f10x.o(i.SetSysClockTo72)
    i.SysTick_CLKSourceConfig                0x08002d50   Section        0  misc.o(i.SysTick_CLKSourceConfig)
    i.SysTick_Handler                        0x08002d78   Section        0  stm32f10x_it.o(i.SysTick_Handler)
    i.SystemInit                             0x08002d7c   Section        0  system_stm32f10x.o(i.SystemInit)
    i.USART1_IRQHandler                      0x08002ddc   Section        0  usart.o(i.USART1_IRQHandler)
    i.USART3_Config                          0x08002e64   Section        0  usart3.o(i.USART3_Config)
    i.USART3_IRQHandler                      0x08002f0c   Section        0  usart3.o(i.USART3_IRQHandler)
    i.USART3_SendString                      0x08002f44   Section        0  usart3.o(i.USART3_SendString)
    i.USART_Cmd                              0x08002f70   Section        0  stm32f10x_usart.o(i.USART_Cmd)
    i.USART_GetFlagStatus                    0x08002f88   Section        0  stm32f10x_usart.o(i.USART_GetFlagStatus)
    i.USART_GetITStatus                      0x08002fa2   Section        0  stm32f10x_usart.o(i.USART_GetITStatus)
    i.USART_ITConfig                         0x08002ff6   Section        0  stm32f10x_usart.o(i.USART_ITConfig)
    i.USART_Init                             0x08003040   Section        0  stm32f10x_usart.o(i.USART_Init)
    i.USART_ReceiveData                      0x08003118   Section        0  stm32f10x_usart.o(i.USART_ReceiveData)
    i.USART_SendData                         0x08003122   Section        0  stm32f10x_usart.o(i.USART_SendData)
    i.USART_SendString                       0x0800312a   Section        0  blood.o(i.USART_SendString)
    i.UsageFault_Handler                     0x08003152   Section        0  stm32f10x_it.o(i.UsageFault_Handler)
    i.Warning                                0x08003158   Section        0  oled.o(i.Warning)
    i.XCos                                   0x08003188   Section        0  algorithm.o(i.XCos)
    i.XSin                                   0x080031b0   Section        0  algorithm.o(i.XSin)
    i.__ARM_fpclassify                       0x080033c0   Section        0  fpclassify.o(i.__ARM_fpclassify)
    i._is_digit                              0x080033e8   Section        0  __printf_wp.o(i._is_digit)
    i._sys_exit                              0x080033f6   Section        0  usart.o(i._sys_exit)
    i.blood_Loop                             0x080033fc   Section        0  blood.o(i.blood_Loop)
    i.blood_data_translate                   0x0800347c   Section        0  blood.o(i.blood_data_translate)
    i.blood_data_update                      0x08003b2c   Section        0  blood.o(i.blood_data_update)
    i.delay_init                             0x08003bf4   Section        0  delay.o(i.delay_init)
    i.delay_ms                               0x08003c38   Section        0  delay.o(i.delay_ms)
    i.display                                0x08003c84   Section        0  oled.o(i.display)
    i.find_max_num_index                     0x08003d2c   Section        0  algorithm.o(i.find_max_num_index)
    i.fputc                                  0x08003d60   Section        0  usart.o(i.fputc)
    i.main                                   0x08003d7c   Section        0  main.o(i.main)
    i.max30102_read_fifo                     0x080040d0   Section        0  max30102.o(i.max30102_read_fifo)
    i.my_floor                               0x0800419c   Section        0  algorithm.o(i.my_floor)
    i.my_fmod                                0x080041e8   Section        0  algorithm.o(i.my_fmod)
    i.noise_filter                           0x08004280   Section        0  blood.o(i.noise_filter)
    i.oled_pow                               0x080042d4   Section        0  oled.o(i.oled_pow)
    i.sqrtf                                  0x080042ea   Section        0  sqrtf.o(i.sqrtf)
    i.uart_init                              0x08004318   Section        0  usart.o(i.uart_init)
    locale$$code                             0x080043b8   Section       44  lc_numeric_c.o(locale$$code)
    x$fpl$d2f                                0x080043e4   Section       98  d2f.o(x$fpl$d2f)
    x$fpl$dadd                               0x08004448   Section      336  daddsub_clz.o(x$fpl$dadd)
    _dadd1                                   0x08004459   Thumb Code     0  daddsub_clz.o(x$fpl$dadd)
    x$fpl$dcmpinf                            0x08004598   Section       24  dcmpi.o(x$fpl$dcmpinf)
    x$fpl$ddiv                               0x080045b0   Section      688  ddiv.o(x$fpl$ddiv)
    ddiv_entry                               0x080045b7   Thumb Code     0  ddiv.o(x$fpl$ddiv)
    x$fpl$deqf                               0x08004860   Section      120  deqf.o(x$fpl$deqf)
    x$fpl$dfix                               0x080048d8   Section       94  dfix.o(x$fpl$dfix)
    x$fpl$dfixu                              0x08004938   Section       90  dfixu.o(x$fpl$dfixu)
    x$fpl$dflt                               0x08004992   Section       46  dflt_clz.o(x$fpl$dflt)
    x$fpl$dfltu                              0x080049c0   Section       38  dflt_clz.o(x$fpl$dfltu)
    x$fpl$dleqf                              0x080049e8   Section      120  dleqf.o(x$fpl$dleqf)
    x$fpl$dmul                               0x08004a60   Section      340  dmul.o(x$fpl$dmul)
    x$fpl$dnaninf                            0x08004bb4   Section      156  dnaninf.o(x$fpl$dnaninf)
    x$fpl$dretinf                            0x08004c50   Section       12  dretinf.o(x$fpl$dretinf)
    x$fpl$drleqf                             0x08004c5c   Section      108  drleqf.o(x$fpl$drleqf)
    x$fpl$drsb                               0x08004cc8   Section       22  daddsub_clz.o(x$fpl$drsb)
    x$fpl$dsub                               0x08004ce0   Section      468  daddsub_clz.o(x$fpl$dsub)
    _dsub1                                   0x08004cf1   Thumb Code     0  daddsub_clz.o(x$fpl$dsub)
    x$fpl$f2d                                0x08004eb4   Section       86  f2d.o(x$fpl$f2d)
    x$fpl$fadd                               0x08004f0c   Section      196  faddsub_clz.o(x$fpl$fadd)
    _fadd1                                   0x08004f1b   Thumb Code     0  faddsub_clz.o(x$fpl$fadd)
    x$fpl$fcmpinf                            0x08004fd0   Section       24  fcmpi.o(x$fpl$fcmpinf)
    x$fpl$fdiv                               0x08004fe8   Section      388  fdiv.o(x$fpl$fdiv)
    _fdiv1                                   0x08004fe9   Thumb Code     0  fdiv.o(x$fpl$fdiv)
    x$fpl$feqf                               0x0800516c   Section      104  feqf.o(x$fpl$feqf)
    x$fpl$ffix                               0x080051d4   Section       54  ffix.o(x$fpl$ffix)
    x$fpl$ffixu                              0x0800520c   Section       62  ffixu.o(x$fpl$ffixu)
    x$fpl$fflt                               0x0800524c   Section       48  fflt_clz.o(x$fpl$fflt)
    x$fpl$ffltu                              0x0800527c   Section       38  fflt_clz.o(x$fpl$ffltu)
    x$fpl$fleqf                              0x080052a4   Section      104  fleqf.o(x$fpl$fleqf)
    x$fpl$fmul                               0x0800530c   Section      258  fmul.o(x$fpl$fmul)
    x$fpl$fnaninf                            0x0800540e   Section      140  fnaninf.o(x$fpl$fnaninf)
    x$fpl$fretinf                            0x0800549a   Section       10  fretinf.o(x$fpl$fretinf)
    x$fpl$fsqrt                              0x080054a4   Section      272  fsqrt.o(x$fpl$fsqrt)
    x$fpl$fsub                               0x080055b4   Section      234  faddsub_clz.o(x$fpl$fsub)
    _fsub1                                   0x080055c3   Thumb Code     0  faddsub_clz.o(x$fpl$fsub)
    x$fpl$printf1                            0x0800569e   Section        4  printf1.o(x$fpl$printf1)
    x$fpl$usenofp                            0x080056a2   Section        0  usenofp.o(x$fpl$usenofp)
    .constdata                               0x080056a4   Section     2904  oled.o(.constdata)
    .constdata                               0x08006200   Section      808  algorithm.o(.constdata)
    XSinTbl                                  0x08006200   Data         808  algorithm.o(.constdata)
    .constdata                               0x08006528   Section      148  bigflt0.o(.constdata)
    tenpwrs_x                                0x08006528   Data          60  bigflt0.o(.constdata)
    tenpwrs_i                                0x08006564   Data          64  bigflt0.o(.constdata)
    locale$$data                             0x080065dc   Section       28  lc_numeric_c.o(locale$$data)
    __lcnum_c_name                           0x080065e0   Data           2  lc_numeric_c.o(locale$$data)
    __lcnum_c_start                          0x080065e8   Data           0  lc_numeric_c.o(locale$$data)
    __lcnum_c_point                          0x080065f4   Data           0  lc_numeric_c.o(locale$$data)
    __lcnum_c_thousands                      0x080065f6   Data           0  lc_numeric_c.o(locale$$data)
    __lcnum_c_grouping                       0x080065f7   Data           0  lc_numeric_c.o(locale$$data)
    __lcnum_c_end                            0x080065f8   Data           0  lc_numeric_c.o(locale$$data)
    .data                                    0x20000000   Section       10  main.o(.data)
    .data                                    0x2000000c   Section       20  system_stm32f10x.o(.data)
    .data                                    0x20000020   Section       20  stm32f10x_rcc.o(.data)
    APBAHBPrescTable                         0x20000020   Data          16  stm32f10x_rcc.o(.data)
    ADCPrescTable                            0x20000030   Data           4  stm32f10x_rcc.o(.data)
    .data                                    0x20000034   Section        4  delay.o(.data)
    fac_us                                   0x20000034   Data           1  delay.o(.data)
    fac_ms                                   0x20000036   Data           2  delay.o(.data)
    .data                                    0x20000038   Section        6  usart.o(.data)
    .data                                    0x20000040   Section       10  key.o(.data)
    .data                                    0x2000004a   Section        4  max30102.o(.data)
    .data                                    0x20000050   Section       24  blood.o(.data)
    index                                    0x20000064   Data           4  blood.o(.data)
    .data                                    0x20000068   Section        1  xiic.o(.data)
    .bss                                     0x2000006c   Section      200  usart.o(.bss)
    .bss                                     0x20000134   Section     8508  blood.o(.bss)
    buffer                                   0x20002248   Data          40  blood.o(.bss)
    .bss                                     0x20002270   Section       96  libspace.o(.bss)
    HEAP                                     0x200022d0   Section      512  startup_stm32f10x_md.o(HEAP)
    Heap_Mem                                 0x200022d0   Data         512  startup_stm32f10x_md.o(HEAP)
    STACK                                    0x200024d0   Section     1024  startup_stm32f10x_md.o(STACK)
    Stack_Mem                                0x200024d0   Data        1024  startup_stm32f10x_md.o(STACK)
    __initial_sp                             0x200028d0   Data           0  startup_stm32f10x_md.o(STACK)

    Global Symbols

    Symbol Name                              Value     Ov Type        Size  Object(Section)

    BuildAttributes$$THM_ISAv4$P$D$K$B$S$PE$A:L22UL41UL21$X:L11$S22US41US21$IEEE1$IW$USESV6$~STKCKD$USESV7$~SHL$OTIME$ROPI$IEEEJ$EBA8$UX$STANDARDLIB$REQ8$PRES8$EABIv2 0x00000000   Number         0  anon$$obj.o ABSOLUTE
    __ARM_use_no_argv                        0x00000000   Number         0  main.o ABSOLUTE
    _printf_flags                            0x00000000   Number         0  printf_stubs.o ABSOLUTE
    _printf_return_value                     0x00000000   Number         0  printf_stubs.o ABSOLUTE
    _printf_sizespec                         0x00000000   Number         0  printf_stubs.o ABSOLUTE
    _printf_widthprec                        0x00000000   Number         0  printf_stubs.o ABSOLUTE
    __ARM_exceptions_init                     - Undefined Weak Reference
    __alloca_initialize                       - Undefined Weak Reference
    __arm_fini_                               - Undefined Weak Reference
    __arm_preinit_                            - Undefined Weak Reference
    __cpp_initialize__aeabi_                  - Undefined Weak Reference
    __cxa_finalize                            - Undefined Weak Reference
    __sigvec_lookup                           - Undefined Weak Reference
    _atexit_init                              - Undefined Weak Reference
    _call_atexit_fns                          - Undefined Weak Reference
    _clock_init                               - Undefined Weak Reference
    _fp_trap_init                             - Undefined Weak Reference
    _fp_trap_shutdown                         - Undefined Weak Reference
    _get_lc_collate                           - Undefined Weak Reference
    _get_lc_ctype                             - Undefined Weak Reference
    _get_lc_monetary                          - Undefined Weak Reference
    _get_lc_time                              - Undefined Weak Reference
    _getenv_init                              - Undefined Weak Reference
    _handle_redirection                       - Undefined Weak Reference
    _init_alloc                               - Undefined Weak Reference
    _init_user_alloc                          - Undefined Weak Reference
    _initio                                   - Undefined Weak Reference
    _mutex_acquire                            - Undefined Weak Reference
    _mutex_release                            - Undefined Weak Reference
    _printf_post_padding                      - Undefined Weak Reference
    _printf_pre_padding                       - Undefined Weak Reference
    _printf_truncate_signed                   - Undefined Weak Reference
    _printf_truncate_unsigned                 - Undefined Weak Reference
    _rand_init                                - Undefined Weak Reference
    _signal_finish                            - Undefined Weak Reference
    _signal_init                              - Undefined Weak Reference
    _terminate_alloc                          - Undefined Weak Reference
    _terminate_user_alloc                     - Undefined Weak Reference
    _terminateio                              - Undefined Weak Reference
    __Vectors_Size                           0x000000ec   Number         0  startup_stm32f10x_md.o ABSOLUTE
    __Vectors                                0x08000000   Data           4  startup_stm32f10x_md.o(RESET)
    __Vectors_End                            0x080000ec   Data           0  startup_stm32f10x_md.o(RESET)
    __main                                   0x080000ed   Thumb Code     8  __main.o(!!!main)
    __scatterload                            0x080000f5   Thumb Code     0  __scatter.o(!!!scatter)
    __scatterload_rt2                        0x080000f5   Thumb Code    44  __scatter.o(!!!scatter)
    __scatterload_rt2_thumb_only             0x080000f5   Thumb Code     0  __scatter.o(!!!scatter)
    __scatterload_null                       0x08000103   Thumb Code     0  __scatter.o(!!!scatter)
    __scatterload_copy                       0x08000129   Thumb Code    26  __scatter_copy.o(!!handler_copy)
    __scatterload_zeroinit                   0x08000145   Thumb Code    28  __scatter_zi.o(!!handler_zi)
    _printf_f                                0x08000161   Thumb Code     0  _printf_f.o(.ARM.Collect$$_printf_percent$$00000003)
    _printf_percent                          0x08000161   Thumb Code     0  _printf_percent.o(.ARM.Collect$$_printf_percent$$00000000)
    _printf_d                                0x08000167   Thumb Code     0  _printf_d.o(.ARM.Collect$$_printf_percent$$00000009)
    _printf_percent_end                      0x0800016d   Thumb Code     0  _printf_percent_end.o(.ARM.Collect$$_printf_percent$$00000017)
    __rt_lib_init                            0x08000171   Thumb Code     0  libinit.o(.ARM.Collect$$libinit$$00000000)
    __rt_lib_init_fp_1                       0x08000173   Thumb Code     0  libinit2.o(.ARM.Collect$$libinit$$00000002)
    __rt_lib_init_heap_1                     0x08000173   Thumb Code     0  libinit2.o(.ARM.Collect$$libinit$$0000000A)
    __rt_lib_init_lc_common                  0x08000173   Thumb Code     0  libinit2.o(.ARM.Collect$$libinit$$0000000F)
    __rt_lib_init_preinit_1                  0x08000173   Thumb Code     0  libinit2.o(.ARM.Collect$$libinit$$00000004)
    __rt_lib_init_rand_1                     0x08000173   Thumb Code     0  libinit2.o(.ARM.Collect$$libinit$$0000000E)
    __rt_lib_init_user_alloc_1               0x08000173   Thumb Code     0  libinit2.o(.ARM.Collect$$libinit$$0000000C)
    __rt_lib_init_lc_collate_1               0x08000179   Thumb Code     0  libinit2.o(.ARM.Collect$$libinit$$00000011)
    __rt_lib_init_lc_ctype_1                 0x08000179   Thumb Code     0  libinit2.o(.ARM.Collect$$libinit$$00000013)
    __rt_lib_init_lc_monetary_1              0x08000179   Thumb Code     0  libinit2.o(.ARM.Collect$$libinit$$00000015)
    __rt_lib_init_lc_numeric_2               0x08000179   Thumb Code     0  libinit2.o(.ARM.Collect$$libinit$$00000016)
    __rt_lib_init_alloca_1                   0x08000183   Thumb Code     0  libinit2.o(.ARM.Collect$$libinit$$0000002E)
    __rt_lib_init_argv_1                     0x08000183   Thumb Code     0  libinit2.o(.ARM.Collect$$libinit$$0000002C)
    __rt_lib_init_atexit_1                   0x08000183   Thumb Code     0  libinit2.o(.ARM.Collect$$libinit$$0000001B)
    __rt_lib_init_clock_1                    0x08000183   Thumb Code     0  libinit2.o(.ARM.Collect$$libinit$$00000021)
    __rt_lib_init_cpp_1                      0x08000183   Thumb Code     0  libinit2.o(.ARM.Collect$$libinit$$00000032)
    __rt_lib_init_exceptions_1               0x08000183   Thumb Code     0  libinit2.o(.ARM.Collect$$libinit$$00000030)
    __rt_lib_init_fp_trap_1                  0x08000183   Thumb Code     0  libinit2.o(.ARM.Collect$$libinit$$0000001F)
    __rt_lib_init_getenv_1                   0x08000183   Thumb Code     0  libinit2.o(.ARM.Collect$$libinit$$00000023)
    __rt_lib_init_lc_numeric_1               0x08000183   Thumb Code     0  libinit2.o(.ARM.Collect$$libinit$$00000017)
    __rt_lib_init_lc_time_1                  0x08000183   Thumb Code     0  libinit2.o(.ARM.Collect$$libinit$$00000019)
    __rt_lib_init_return                     0x08000183   Thumb Code     0  libinit2.o(.ARM.Collect$$libinit$$00000033)
    __rt_lib_init_signal_1                   0x08000183   Thumb Code     0  libinit2.o(.ARM.Collect$$libinit$$0000001D)
    __rt_lib_init_stdio_1                    0x08000183   Thumb Code     0  libinit2.o(.ARM.Collect$$libinit$$00000025)
    __rt_lib_shutdown                        0x08000185   Thumb Code     0  libshutdown.o(.ARM.Collect$$libshutdown$$00000000)
    __rt_lib_shutdown_cpp_1                  0x08000187   Thumb Code     0  libshutdown2.o(.ARM.Collect$$libshutdown$$00000004)
    __rt_lib_shutdown_fini_1                 0x08000187   Thumb Code     0  libshutdown2.o(.ARM.Collect$$libshutdown$$00000002)
    __rt_lib_shutdown_fp_trap_1              0x08000187   Thumb Code     0  libshutdown2.o(.ARM.Collect$$libshutdown$$00000009)
    __rt_lib_shutdown_heap_1                 0x08000187   Thumb Code     0  libshutdown2.o(.ARM.Collect$$libshutdown$$00000011)
    __rt_lib_shutdown_return                 0x08000187   Thumb Code     0  libshutdown2.o(.ARM.Collect$$libshutdown$$00000012)
    __rt_lib_shutdown_signal_1               0x08000187   Thumb Code     0  libshutdown2.o(.ARM.Collect$$libshutdown$$0000000C)
    __rt_lib_shutdown_stdio_1                0x08000187   Thumb Code     0  libshutdown2.o(.ARM.Collect$$libshutdown$$00000006)
    __rt_lib_shutdown_user_alloc_1           0x08000187   Thumb Code     0  libshutdown2.o(.ARM.Collect$$libshutdown$$0000000E)
    __rt_entry                               0x08000189   Thumb Code     0  __rtentry.o(.ARM.Collect$$rtentry$$00000000)
    __rt_entry_presh_1                       0x08000189   Thumb Code     0  __rtentry2.o(.ARM.Collect$$rtentry$$00000002)
    __rt_entry_sh                            0x08000189   Thumb Code     0  __rtentry4.o(.ARM.Collect$$rtentry$$00000004)
    __rt_entry_li                            0x0800018f   Thumb Code     0  __rtentry2.o(.ARM.Collect$$rtentry$$0000000A)
    __rt_entry_postsh_1                      0x0800018f   Thumb Code     0  __rtentry2.o(.ARM.Collect$$rtentry$$00000009)
    __rt_entry_main                          0x08000193   Thumb Code     0  __rtentry2.o(.ARM.Collect$$rtentry$$0000000D)
    __rt_entry_postli_1                      0x08000193   Thumb Code     0  __rtentry2.o(.ARM.Collect$$rtentry$$0000000C)
    __rt_exit                                0x0800019b   Thumb Code     0  rtexit.o(.ARM.Collect$$rtexit$$00000000)
    __rt_exit_ls                             0x0800019d   Thumb Code     0  rtexit2.o(.ARM.Collect$$rtexit$$00000003)
    __rt_exit_prels_1                        0x0800019d   Thumb Code     0  rtexit2.o(.ARM.Collect$$rtexit$$00000002)
    __rt_exit_exit                           0x080001a1   Thumb Code     0  rtexit2.o(.ARM.Collect$$rtexit$$00000004)
    Reset_Handler                            0x080001a9   Thumb Code     8  startup_stm32f10x_md.o(.text)
    ADC1_2_IRQHandler                        0x080001c3   Thumb Code     0  startup_stm32f10x_md.o(.text)
    CAN1_RX1_IRQHandler                      0x080001c3   Thumb Code     0  startup_stm32f10x_md.o(.text)
    CAN1_SCE_IRQHandler                      0x080001c3   Thumb Code     0  startup_stm32f10x_md.o(.text)
    DMA1_Channel1_IRQHandler                 0x080001c3   Thumb Code     0  startup_stm32f10x_md.o(.text)
    DMA1_Channel2_IRQHandler                 0x080001c3   Thumb Code     0  startup_stm32f10x_md.o(.text)
    DMA1_Channel3_IRQHandler                 0x080001c3   Thumb Code     0  startup_stm32f10x_md.o(.text)
    DMA1_Channel4_IRQHandler                 0x080001c3   Thumb Code     0  startup_stm32f10x_md.o(.text)
    DMA1_Channel5_IRQHandler                 0x080001c3   Thumb Code     0  startup_stm32f10x_md.o(.text)
    DMA1_Channel6_IRQHandler                 0x080001c3   Thumb Code     0  startup_stm32f10x_md.o(.text)
    DMA1_Channel7_IRQHandler                 0x080001c3   Thumb Code     0  startup_stm32f10x_md.o(.text)
    EXTI0_IRQHandler                         0x080001c3   Thumb Code     0  startup_stm32f10x_md.o(.text)
    EXTI1_IRQHandler                         0x080001c3   Thumb Code     0  startup_stm32f10x_md.o(.text)
    EXTI2_IRQHandler                         0x080001c3   Thumb Code     0  startup_stm32f10x_md.o(.text)
    EXTI3_IRQHandler                         0x080001c3   Thumb Code     0  startup_stm32f10x_md.o(.text)
    EXTI4_IRQHandler                         0x080001c3   Thumb Code     0  startup_stm32f10x_md.o(.text)
    EXTI9_5_IRQHandler                       0x080001c3   Thumb Code     0  startup_stm32f10x_md.o(.text)
    FLASH_IRQHandler                         0x080001c3   Thumb Code     0  startup_stm32f10x_md.o(.text)
    I2C1_ER_IRQHandler                       0x080001c3   Thumb Code     0  startup_stm32f10x_md.o(.text)
    I2C1_EV_IRQHandler                       0x080001c3   Thumb Code     0  startup_stm32f10x_md.o(.text)
    I2C2_ER_IRQHandler                       0x080001c3   Thumb Code     0  startup_stm32f10x_md.o(.text)
    I2C2_EV_IRQHandler                       0x080001c3   Thumb Code     0  startup_stm32f10x_md.o(.text)
    PVD_IRQHandler                           0x080001c3   Thumb Code     0  startup_stm32f10x_md.o(.text)
    RCC_IRQHandler                           0x080001c3   Thumb Code     0  startup_stm32f10x_md.o(.text)
    RTCAlarm_IRQHandler                      0x080001c3   Thumb Code     0  startup_stm32f10x_md.o(.text)
    RTC_IRQHandler                           0x080001c3   Thumb Code     0  startup_stm32f10x_md.o(.text)
    SPI1_IRQHandler                          0x080001c3   Thumb Code     0  startup_stm32f10x_md.o(.text)
    SPI2_IRQHandler                          0x080001c3   Thumb Code     0  startup_stm32f10x_md.o(.text)
    TAMPER_IRQHandler                        0x080001c3   Thumb Code     0  startup_stm32f10x_md.o(.text)
    TIM1_BRK_IRQHandler                      0x080001c3   Thumb Code     0  startup_stm32f10x_md.o(.text)
    TIM1_CC_IRQHandler                       0x080001c3   Thumb Code     0  startup_stm32f10x_md.o(.text)
    TIM1_TRG_COM_IRQHandler                  0x080001c3   Thumb Code     0  startup_stm32f10x_md.o(.text)
    TIM1_UP_IRQHandler                       0x080001c3   Thumb Code     0  startup_stm32f10x_md.o(.text)
    TIM2_IRQHandler                          0x080001c3   Thumb Code     0  startup_stm32f10x_md.o(.text)
    TIM3_IRQHandler                          0x080001c3   Thumb Code     0  startup_stm32f10x_md.o(.text)
    TIM4_IRQHandler                          0x080001c3   Thumb Code     0  startup_stm32f10x_md.o(.text)
    USART2_IRQHandler                        0x080001c3   Thumb Code     0  startup_stm32f10x_md.o(.text)
    USBWakeUp_IRQHandler                     0x080001c3   Thumb Code     0  startup_stm32f10x_md.o(.text)
    USB_HP_CAN1_TX_IRQHandler                0x080001c3   Thumb Code     0  startup_stm32f10x_md.o(.text)
    USB_LP_CAN1_RX0_IRQHandler               0x080001c3   Thumb Code     0  startup_stm32f10x_md.o(.text)
    WWDG_IRQHandler                          0x080001c3   Thumb Code     0  startup_stm32f10x_md.o(.text)
    __user_initial_stackheap                 0x080001c5   Thumb Code     0  startup_stm32f10x_md.o(.text)
    __use_no_semihosting                     0x080001e9   Thumb Code     2  use_no_semi_2.o(.text)
    __2printf                                0x080001ed   Thumb Code    20  noretval__2printf.o(.text)
    __2sprintf                               0x08000205   Thumb Code    34  noretval__2sprintf.o(.text)
    _printf_int_dec                          0x0800022d   Thumb Code   104  _printf_dec.o(.text)
    __printf                                 0x080002a5   Thumb Code   270  __printf_wp.o(.text)
    strlen                                   0x080003b3   Thumb Code    62  strlen.o(.text)
    __aeabi_memcpy4                          0x080003f1   Thumb Code     0  rt_memcpy_w.o(.text)
    __aeabi_memcpy8                          0x080003f1   Thumb Code     0  rt_memcpy_w.o(.text)
    __rt_memcpy_w                            0x080003f1   Thumb Code   100  rt_memcpy_w.o(.text)
    _memcpy_lastbytes_aligned                0x08000439   Thumb Code     0  rt_memcpy_w.o(.text)
    __aeabi_memclr4                          0x08000455   Thumb Code     0  rt_memclr_w.o(.text)
    __aeabi_memclr8                          0x08000455   Thumb Code     0  rt_memclr_w.o(.text)
    __rt_memclr_w                            0x08000455   Thumb Code    78  rt_memclr_w.o(.text)
    _memset_w                                0x08000459   Thumb Code     0  rt_memclr_w.o(.text)
    __use_two_region_memory                  0x080004a3   Thumb Code     2  heapauxi.o(.text)
    __rt_heap_escrow$2region                 0x080004a5   Thumb Code     2  heapauxi.o(.text)
    __rt_heap_expand$2region                 0x080004a7   Thumb Code     2  heapauxi.o(.text)
    __I$use$semihosting                      0x080004a9   Thumb Code     0  use_no_semi.o(.text)
    __use_no_semihosting_swi                 0x080004a9   Thumb Code     2  use_no_semi.o(.text)
    __read_errno                             0x080004ab   Thumb Code    10  _rserrno.o(.text)
    __set_errno                              0x080004b5   Thumb Code    12  _rserrno.o(.text)
    _printf_int_common                       0x080004c1   Thumb Code   178  _printf_intcommon.o(.text)
    __lib_sel_fp_printf                      0x08000573   Thumb Code     2  _printf_fp_dec.o(.text)
    _printf_fp_dec_real                      0x08000725   Thumb Code   620  _printf_fp_dec.o(.text)
    _printf_char_common                      0x0800099b   Thumb Code    32  _printf_char_common.o(.text)
    _sputc                                   0x080009c1   Thumb Code    10  _sputc.o(.text)
    _printf_char_file                        0x080009cd   Thumb Code    32  _printf_char_file.o(.text)
    __rt_locale                              0x080009f1   Thumb Code     8  rt_locale_intlibspace.o(.text)
    __aeabi_errno_addr                       0x080009f9   Thumb Code     8  rt_errno_addr_intlibspace.o(.text)
    __errno$intlibspace                      0x080009f9   Thumb Code     0  rt_errno_addr_intlibspace.o(.text)
    __rt_errno_addr$intlibspace              0x080009f9   Thumb Code     0  rt_errno_addr_intlibspace.o(.text)
    _ll_udiv10                               0x08000a01   Thumb Code   138  lludiv10.o(.text)
    _printf_fp_infnan                        0x08000a8d   Thumb Code   112  _printf_fp_infnan.o(.text)
    _btod_etento                             0x08000b0d   Thumb Code   224  bigflt0.o(.text)
    ferror                                   0x08000bf1   Thumb Code     8  ferror.o(.text)
    __user_libspace                          0x08000bf9   Thumb Code     8  libspace.o(.text)
    __user_perproc_libspace                  0x08000bf9   Thumb Code     0  libspace.o(.text)
    __user_perthread_libspace                0x08000bf9   Thumb Code     0  libspace.o(.text)
    __user_setup_stackheap                   0x08000c01   Thumb Code    74  sys_stackheap_outer.o(.text)
    exit                                     0x08000c4b   Thumb Code    18  exit.o(.text)
    strcmp                                   0x08000c5d   Thumb Code   128  strcmpv7m.o(.text)
    _btod_d2e                                0x08000cdd   Thumb Code    62  btod.o(CL$$btod_d2e)
    _d2e_denorm_low                          0x08000d1b   Thumb Code    70  btod.o(CL$$btod_d2e_denorm_low)
    _d2e_norm_op1                            0x08000d61   Thumb Code    96  btod.o(CL$$btod_d2e_norm_op1)
    __btod_div_common                        0x08000dc1   Thumb Code   696  btod.o(CL$$btod_div_common)
    _e2e                                     0x080010f9   Thumb Code   220  btod.o(CL$$btod_e2e)
    _btod_ediv                               0x080011d5   Thumb Code    42  btod.o(CL$$btod_ediv)
    _btod_emul                               0x080011ff   Thumb Code    42  btod.o(CL$$btod_emul)
    __btod_mult_common                       0x08001229   Thumb Code   580  btod.o(CL$$btod_mult_common)
    ADC_Cmd                                  0x0800146d   Thumb Code    22  stm32f10x_adc.o(i.ADC_Cmd)
    ADC_GetCalibrationStatus                 0x08001483   Thumb Code    20  stm32f10x_adc.o(i.ADC_GetCalibrationStatus)
    ADC_GetConversionValue                   0x08001497   Thumb Code     8  stm32f10x_adc.o(i.ADC_GetConversionValue)
    ADC_GetFlagStatus                        0x0800149f   Thumb Code    18  stm32f10x_adc.o(i.ADC_GetFlagStatus)
    ADC_GetResetCalibrationStatus            0x080014b1   Thumb Code    20  stm32f10x_adc.o(i.ADC_GetResetCalibrationStatus)
    ADC_Init                                 0x080014c5   Thumb Code    70  stm32f10x_adc.o(i.ADC_Init)
    ADC_RegularChannelConfig                 0x08001515   Thumb Code   184  stm32f10x_adc.o(i.ADC_RegularChannelConfig)
    ADC_ResetCalibration                     0x080015cd   Thumb Code    10  stm32f10x_adc.o(i.ADC_ResetCalibration)
    ADC_SoftwareStartConvCmd                 0x080015d7   Thumb Code    22  stm32f10x_adc.o(i.ADC_SoftwareStartConvCmd)
    ADC_StartCalibration                     0x080015ed   Thumb Code    10  stm32f10x_adc.o(i.ADC_StartCalibration)
    AD_GetValue                              0x080015f9   Thumb Code    32  main.o(i.AD_GetValue)
    AD_init                                  0x0800161d   Thumb Code   150  main.o(i.AD_init)
    BusFault_Handler                         0x080016bd   Thumb Code     4  stm32f10x_it.o(i.BusFault_Handler)
    Buzzer                                   0x080016c1   Thumb Code    38  key.o(i.Buzzer)
    CountSensor_Init                         0x080016ed   Thumb Code   120  countsensor.o(i.CountSensor_Init)
    DebugMon_Handler                         0x08001769   Thumb Code     2  stm32f10x_it.o(i.DebugMon_Handler)
    Delay                                    0x0800176b   Thumb Code    12  oled.o(i.Delay)
    EE                                       0x08001777   Thumb Code    76  algorithm.o(i.EE)
    EXTI15_10_IRQHandler                     0x080017c5   Thumb Code    50  key.o(i.EXTI15_10_IRQHandler)
    EXTI_ClearITPendingBit                   0x080017fd   Thumb Code     6  stm32f10x_exti.o(i.EXTI_ClearITPendingBit)
    EXTI_GetITStatus                         0x08001809   Thumb Code    34  stm32f10x_exti.o(i.EXTI_GetITStatus)
    EXTI_Init                                0x08001831   Thumb Code   142  stm32f10x_exti.o(i.EXTI_Init)
    FFT                                      0x080018c5   Thumb Code   386  algorithm.o(i.FFT)
    GPIO_EXTILineConfig                      0x08001a51   Thumb Code    60  stm32f10x_gpio.o(i.GPIO_EXTILineConfig)
    GPIO_Init                                0x08001a91   Thumb Code   278  stm32f10x_gpio.o(i.GPIO_Init)
    GPIO_PinRemapConfig                      0x08001ba9   Thumb Code   138  stm32f10x_gpio.o(i.GPIO_PinRemapConfig)
    GPIO_ReadInputDataBit                    0x08001c39   Thumb Code    18  stm32f10x_gpio.o(i.GPIO_ReadInputDataBit)
    GPIO_ResetBits                           0x08001c4b   Thumb Code     4  stm32f10x_gpio.o(i.GPIO_ResetBits)
    GPIO_SetBits                             0x08001c4f   Thumb Code     4  stm32f10x_gpio.o(i.GPIO_SetBits)
    HardFault_Handler                        0x08001c53   Thumb Code     4  stm32f10x_it.o(i.HardFault_Handler)
    I2C_Ack                                  0x08001c59   Thumb Code    96  xiic.o(i.I2C_Ack)
    IIC_Delay                                0x08001cbd   Thumb Code    16  xiic.o(i.IIC_Delay)
    IIC_GPIO_INIT                            0x08001ccd   Thumb Code    54  xiic.o(i.IIC_GPIO_INIT)
    IIC_Read_Array                           0x08001d09   Thumb Code   128  xiic.o(i.IIC_Read_Array)
    IIC_Read_Byte                            0x08001d8d   Thumb Code    90  xiic.o(i.IIC_Read_Byte)
    IIC_Receive_Byte                         0x08001ded   Thumb Code    64  xiic.o(i.IIC_Receive_Byte)
    IIC_Send_Byte                            0x08001e31   Thumb Code   142  xiic.o(i.IIC_Send_Byte)
    IIC_Start                                0x08001ec9   Thumb Code    52  xiic.o(i.IIC_Start)
    IIC_Stop                                 0x08001f01   Thumb Code    40  xiic.o(i.IIC_Stop)
    IIC_Write_Byte                           0x08001f2d   Thumb Code    74  xiic.o(i.IIC_Write_Byte)
    Key_Init                                 0x08001f7d   Thumb Code    40  key.o(i.Key_Init)
    Key_Num2                                 0x08001fa9   Thumb Code    92  key.o(i.Key_Num2)
    MAX30102_Config                          0x08002011   Thumb Code   114  max30102.o(i.MAX30102_Config)
    MAX30102_GPIO                            0x08002085   Thumb Code    34  max30102.o(i.MAX30102_GPIO)
    Max30102_reset                           0x080020ad   Thumb Code    22  max30102.o(i.Max30102_reset)
    MemManage_Handler                        0x080020c3   Thumb Code     4  stm32f10x_it.o(i.MemManage_Handler)
    MoShiEr                                  0x080020c9   Thumb Code    54  oled.o(i.MoShiEr)
    NMI_Handler                              0x08002105   Thumb Code     2  stm32f10x_it.o(i.NMI_Handler)
    NVIC_Init                                0x08002109   Thumb Code   100  misc.o(i.NVIC_Init)
    NVIC_PriorityGroupConfig                 0x08002179   Thumb Code    10  misc.o(i.NVIC_PriorityGroupConfig)
    OLED_Clear                               0x0800218d   Thumb Code    62  oled.o(i.OLED_Clear)
    OLED_Float                               0x080021cd   Thumb Code   442  oled.o(i.OLED_Float)
    OLED_IIC_Start                           0x0800238d   Thumb Code    36  oled.o(i.OLED_IIC_Start)
    OLED_IIC_Stop                            0x080023b5   Thumb Code    28  oled.o(i.OLED_IIC_Stop)
    OLED_IIC_Wait_Ack                        0x080023d5   Thumb Code    20  oled.o(i.OLED_IIC_Wait_Ack)
    OLED_Init                                0x080023ed   Thumb Code   278  oled.o(i.OLED_Init)
    OLED_Set_Pos                             0x0800250d   Thumb Code    40  oled.o(i.OLED_Set_Pos)
    OLED_ShowCHinese16x16                    0x08002535   Thumb Code    86  oled.o(i.OLED_ShowCHinese16x16)
    OLED_ShowChar                            0x0800258d   Thumb Code   154  oled.o(i.OLED_ShowChar)
    OLED_ShowNumber                          0x08002631   Thumb Code   136  oled.o(i.OLED_ShowNumber)
    OLED_ShowString                          0x080026b9   Thumb Code    54  oled.o(i.OLED_ShowString)
    OLED_WR_Byte                             0x080026ef   Thumb Code    24  oled.o(i.OLED_WR_Byte)
    OLED_Write_IIC_Byte                      0x08002709   Thumb Code    80  oled.o(i.OLED_Write_IIC_Byte)
    OLED_Write_IIC_Command                   0x0800275d   Thumb Code    44  oled.o(i.OLED_Write_IIC_Command)
    OLED_Write_IIC_Data                      0x08002789   Thumb Code    44  oled.o(i.OLED_Write_IIC_Data)
    PEC_Calculation                          0x080027b5   Thumb Code   186  mlx90614.o(i.PEC_Calculation)
    PendSV_Handler                           0x0800286f   Thumb Code     2  stm32f10x_it.o(i.PendSV_Handler)
    RCC_ADCCLKConfig                         0x08002871   Thumb Code    18  stm32f10x_rcc.o(i.RCC_ADCCLKConfig)
    RCC_APB1PeriphClockCmd                   0x08002889   Thumb Code    26  stm32f10x_rcc.o(i.RCC_APB1PeriphClockCmd)
    RCC_APB2PeriphClockCmd                   0x080028a9   Thumb Code    26  stm32f10x_rcc.o(i.RCC_APB2PeriphClockCmd)
    RCC_GetClocksFreq                        0x080028c9   Thumb Code   192  stm32f10x_rcc.o(i.RCC_GetClocksFreq)
    SMBus_Delay                              0x0800299d   Thumb Code    26  mlx90614.o(i.SMBus_Delay)
    SMBus_Init                               0x080029b9   Thumb Code    50  mlx90614.o(i.SMBus_Init)
    SMBus_ReadMemory                         0x080029f1   Thumb Code   166  mlx90614.o(i.SMBus_ReadMemory)
    SMBus_ReadTemp                           0x08002a99   Thumb Code    54  mlx90614.o(i.SMBus_ReadTemp)
    SMBus_ReceiveBit                         0x08002add   Thumb Code    62  mlx90614.o(i.SMBus_ReceiveBit)
    SMBus_ReceiveByte                        0x08002b21   Thumb Code    50  mlx90614.o(i.SMBus_ReceiveByte)
    SMBus_SendBit                            0x08002b55   Thumb Code    56  mlx90614.o(i.SMBus_SendBit)
    SMBus_SendByte                           0x08002b91   Thumb Code    48  mlx90614.o(i.SMBus_SendByte)
    SMBus_StartBit                           0x08002bc1   Thumb Code    56  mlx90614.o(i.SMBus_StartBit)
    SMBus_StopBit                            0x08002bfd   Thumb Code    50  mlx90614.o(i.SMBus_StopBit)
    SVC_Handler                              0x08002c35   Thumb Code     2  stm32f10x_it.o(i.SVC_Handler)
    Safe                                     0x08002c39   Thumb Code    42  oled.o(i.Safe)
    SysTick_CLKSourceConfig                  0x08002d51   Thumb Code    40  misc.o(i.SysTick_CLKSourceConfig)
    SysTick_Handler                          0x08002d79   Thumb Code     2  stm32f10x_it.o(i.SysTick_Handler)
    SystemInit                               0x08002d7d   Thumb Code    78  system_stm32f10x.o(i.SystemInit)
    USART1_IRQHandler                        0x08002ddd   Thumb Code   122  usart.o(i.USART1_IRQHandler)
    USART3_Config                            0x08002e65   Thumb Code   160  usart3.o(i.USART3_Config)
    USART3_IRQHandler                        0x08002f0d   Thumb Code    48  usart3.o(i.USART3_IRQHandler)
    USART3_SendString                        0x08002f45   Thumb Code    38  usart3.o(i.USART3_SendString)
    USART_Cmd                                0x08002f71   Thumb Code    24  stm32f10x_usart.o(i.USART_Cmd)
    USART_GetFlagStatus                      0x08002f89   Thumb Code    26  stm32f10x_usart.o(i.USART_GetFlagStatus)
    USART_GetITStatus                        0x08002fa3   Thumb Code    84  stm32f10x_usart.o(i.USART_GetITStatus)
    USART_ITConfig                           0x08002ff7   Thumb Code    74  stm32f10x_usart.o(i.USART_ITConfig)
    USART_Init                               0x08003041   Thumb Code   210  stm32f10x_usart.o(i.USART_Init)
    USART_ReceiveData                        0x08003119   Thumb Code    10  stm32f10x_usart.o(i.USART_ReceiveData)
    USART_SendData                           0x08003123   Thumb Code     8  stm32f10x_usart.o(i.USART_SendData)
    USART_SendString                         0x0800312b   Thumb Code    40  blood.o(i.USART_SendString)
    UsageFault_Handler                       0x08003153   Thumb Code     4  stm32f10x_it.o(i.UsageFault_Handler)
    Warning                                  0x08003159   Thumb Code    42  oled.o(i.Warning)
    XCos                                     0x08003189   Thumb Code    30  algorithm.o(i.XCos)
    XSin                                     0x080031b1   Thumb Code   488  algorithm.o(i.XSin)
    __ARM_fpclassify                         0x080033c1   Thumb Code    40  fpclassify.o(i.__ARM_fpclassify)
    _is_digit                                0x080033e9   Thumb Code    14  __printf_wp.o(i._is_digit)
    _sys_exit                                0x080033f7   Thumb Code     4  usart.o(i._sys_exit)
    blood_Loop                               0x080033fd   Thumb Code   106  blood.o(i.blood_Loop)
    blood_data_translate                     0x0800347d   Thumb Code  1600  blood.o(i.blood_data_translate)
    blood_data_update                        0x08003b2d   Thumb Code   174  blood.o(i.blood_data_update)
    delay_init                               0x08003bf5   Thumb Code    50  delay.o(i.delay_init)
    delay_ms                                 0x08003c39   Thumb Code    72  delay.o(i.delay_ms)
    display                                  0x08003c85   Thumb Code   164  oled.o(i.display)
    find_max_num_index                       0x08003d2d   Thumb Code    50  algorithm.o(i.find_max_num_index)
    fputc                                    0x08003d61   Thumb Code    24  usart.o(i.fputc)
    main                                     0x08003d7d   Thumb Code   698  main.o(i.main)
    max30102_read_fifo                       0x080040d1   Thumb Code   196  max30102.o(i.max30102_read_fifo)
    my_floor                                 0x0800419d   Thumb Code    76  algorithm.o(i.my_floor)
    my_fmod                                  0x080041e9   Thumb Code   152  algorithm.o(i.my_fmod)
    noise_filter                             0x08004281   Thumb Code    70  blood.o(i.noise_filter)
    oled_pow                                 0x080042d5   Thumb Code    22  oled.o(i.oled_pow)
    sqrtf                                    0x080042eb   Thumb Code    44  sqrtf.o(i.sqrtf)
    uart_init                                0x08004319   Thumb Code   152  usart.o(i.uart_init)
    _get_lc_numeric                          0x080043b9   Thumb Code    44  lc_numeric_c.o(locale$$code)
    __aeabi_d2f                              0x080043e5   Thumb Code     0  d2f.o(x$fpl$d2f)
    _d2f                                     0x080043e5   Thumb Code    98  d2f.o(x$fpl$d2f)
    __aeabi_dadd                             0x08004449   Thumb Code     0  daddsub_clz.o(x$fpl$dadd)
    _dadd                                    0x08004449   Thumb Code   332  daddsub_clz.o(x$fpl$dadd)
    __fpl_dcmp_Inf                           0x08004599   Thumb Code    24  dcmpi.o(x$fpl$dcmpinf)
    __aeabi_ddiv                             0x080045b1   Thumb Code     0  ddiv.o(x$fpl$ddiv)
    _ddiv                                    0x080045b1   Thumb Code   552  ddiv.o(x$fpl$ddiv)
    __aeabi_cdcmpeq                          0x08004861   Thumb Code     0  deqf.o(x$fpl$deqf)
    _dcmpeq                                  0x08004861   Thumb Code   120  deqf.o(x$fpl$deqf)
    __aeabi_d2iz                             0x080048d9   Thumb Code     0  dfix.o(x$fpl$dfix)
    _dfix                                    0x080048d9   Thumb Code    94  dfix.o(x$fpl$dfix)
    __aeabi_d2uiz                            0x08004939   Thumb Code     0  dfixu.o(x$fpl$dfixu)
    _dfixu                                   0x08004939   Thumb Code    90  dfixu.o(x$fpl$dfixu)
    __aeabi_i2d                              0x08004993   Thumb Code     0  dflt_clz.o(x$fpl$dflt)
    _dflt                                    0x08004993   Thumb Code    46  dflt_clz.o(x$fpl$dflt)
    __aeabi_ui2d                             0x080049c1   Thumb Code     0  dflt_clz.o(x$fpl$dfltu)
    _dfltu                                   0x080049c1   Thumb Code    38  dflt_clz.o(x$fpl$dfltu)
    __aeabi_cdcmple                          0x080049e9   Thumb Code     0  dleqf.o(x$fpl$dleqf)
    _dcmple                                  0x080049e9   Thumb Code   120  dleqf.o(x$fpl$dleqf)
    __fpl_dcmple_InfNaN                      0x08004a4b   Thumb Code     0  dleqf.o(x$fpl$dleqf)
    __aeabi_dmul                             0x08004a61   Thumb Code     0  dmul.o(x$fpl$dmul)
    _dmul                                    0x08004a61   Thumb Code   332  dmul.o(x$fpl$dmul)
    __fpl_dnaninf                            0x08004bb5   Thumb Code   156  dnaninf.o(x$fpl$dnaninf)
    __fpl_dretinf                            0x08004c51   Thumb Code    12  dretinf.o(x$fpl$dretinf)
    __aeabi_cdrcmple                         0x08004c5d   Thumb Code     0  drleqf.o(x$fpl$drleqf)
    _drcmple                                 0x08004c5d   Thumb Code   108  drleqf.o(x$fpl$drleqf)
    __aeabi_drsub                            0x08004cc9   Thumb Code     0  daddsub_clz.o(x$fpl$drsb)
    _drsb                                    0x08004cc9   Thumb Code    22  daddsub_clz.o(x$fpl$drsb)
    __aeabi_dsub                             0x08004ce1   Thumb Code     0  daddsub_clz.o(x$fpl$dsub)
    _dsub                                    0x08004ce1   Thumb Code   464  daddsub_clz.o(x$fpl$dsub)
    __aeabi_f2d                              0x08004eb5   Thumb Code     0  f2d.o(x$fpl$f2d)
    _f2d                                     0x08004eb5   Thumb Code    86  f2d.o(x$fpl$f2d)
    __aeabi_fadd                             0x08004f0d   Thumb Code     0  faddsub_clz.o(x$fpl$fadd)
    _fadd                                    0x08004f0d   Thumb Code   196  faddsub_clz.o(x$fpl$fadd)
    __fpl_fcmp_Inf                           0x08004fd1   Thumb Code    24  fcmpi.o(x$fpl$fcmpinf)
    __aeabi_fdiv                             0x08004fe9   Thumb Code     0  fdiv.o(x$fpl$fdiv)
    _fdiv                                    0x08004fe9   Thumb Code   384  fdiv.o(x$fpl$fdiv)
    __aeabi_cfcmpeq                          0x0800516d   Thumb Code     0  feqf.o(x$fpl$feqf)
    _fcmpeq                                  0x0800516d   Thumb Code   104  feqf.o(x$fpl$feqf)
    __aeabi_f2iz                             0x080051d5   Thumb Code     0  ffix.o(x$fpl$ffix)
    _ffix                                    0x080051d5   Thumb Code    54  ffix.o(x$fpl$ffix)
    __aeabi_f2uiz                            0x0800520d   Thumb Code     0  ffixu.o(x$fpl$ffixu)
    _ffixu                                   0x0800520d   Thumb Code    62  ffixu.o(x$fpl$ffixu)
    __aeabi_i2f                              0x0800524d   Thumb Code     0  fflt_clz.o(x$fpl$fflt)
    _fflt                                    0x0800524d   Thumb Code    48  fflt_clz.o(x$fpl$fflt)
    __aeabi_ui2f                             0x0800527d   Thumb Code     0  fflt_clz.o(x$fpl$ffltu)
    _ffltu                                   0x0800527d   Thumb Code    38  fflt_clz.o(x$fpl$ffltu)
    __aeabi_cfcmple                          0x080052a5   Thumb Code     0  fleqf.o(x$fpl$fleqf)
    _fcmple                                  0x080052a5   Thumb Code   104  fleqf.o(x$fpl$fleqf)
    __fpl_fcmple_InfNaN                      0x080052f7   Thumb Code     0  fleqf.o(x$fpl$fleqf)
    __aeabi_fmul                             0x0800530d   Thumb Code     0  fmul.o(x$fpl$fmul)
    _fmul                                    0x0800530d   Thumb Code   258  fmul.o(x$fpl$fmul)
    __fpl_fnaninf                            0x0800540f   Thumb Code   140  fnaninf.o(x$fpl$fnaninf)
    __fpl_fretinf                            0x0800549b   Thumb Code    10  fretinf.o(x$fpl$fretinf)
    _fsqrt                                   0x080054a5   Thumb Code   272  fsqrt.o(x$fpl$fsqrt)
    __aeabi_fsub                             0x080055b5   Thumb Code     0  faddsub_clz.o(x$fpl$fsub)
    _fsub                                    0x080055b5   Thumb Code   234  faddsub_clz.o(x$fpl$fsub)
    _printf_fp_dec                           0x0800569f   Thumb Code     4  printf1.o(x$fpl$printf1)
    __I$use$fp                               0x080056a2   Number         0  usenofp.o(x$fpl$usenofp)
    F6x8                                     0x080056a4   Data         552  oled.o(.constdata)
    F8X16                                    0x080058cc   Data        1520  oled.o(.constdata)
    Region$$Table$$Base                      0x080065bc   Number         0  anon$$obj.o(Region$$Table)
    Region$$Table$$Limit                     0x080065dc   Number         0  anon$$obj.o(Region$$Table)
    ADValue                                  0x20000000   Data           2  main.o(.data)
    Voltage                                  0x20000004   Data           4  main.o(.data)
    dakai                                    0x20000008   Data           1  main.o(.data)
    Flag_dakai                               0x20000009   Data           1  main.o(.data)
    SystemCoreClock                          0x2000000c   Data           4  system_stm32f10x.o(.data)
    AHBPrescTable                            0x20000010   Data          16  system_stm32f10x.o(.data)
    __stdout                                 0x20000038   Data           4  usart.o(.data)
    USART_RX_STA                             0x2000003c   Data           2  usart.o(.data)
    number1                                  0x20000040   Data           4  key.o(.data)
    KeyNum1                                  0x20000044   Data           4  key.o(.data)
    KeyNum2                                  0x20000048   Data           1  key.o(.data)
    sign                                     0x20000049   Data           1  key.o(.data)
    fifo_red                                 0x2000004a   Data           2  max30102.o(.data)
    fifo_ir                                  0x2000004c   Data           2  max30102.o(.data)
    g_fft_index                              0x20000050   Data           2  blood.o(.data)
    g_BloodWave                              0x20000054   Data           8  blood.o(.data)
    g_blooddata                              0x2000005c   Data           8  blood.o(.data)
    ack                                      0x20000068   Data           1  xiic.o(.data)
    USART_RX_BUF                             0x2000006c   Data         200  usart.o(.bss)
    s1                                       0x20000134   Data        4224  blood.o(.bss)
    s2                                       0x200011b4   Data        4224  blood.o(.bss)
    heartValue                               0x20002234   Data          20  blood.o(.bss)
    __libspace_start                         0x20002270   Data          96  libspace.o(.bss)
    __temporary_stack_top$libspace           0x200022d0   Data           0  libspace.o(.bss)



==============================================================================

Memory Map of the image

  Image Entry point : 0x080000ed

  Load Region LR_IROM1 (Base: 0x08000000, Size: 0x00006664, Max: 0x00010000, ABSOLUTE)

    Execution Region ER_IROM1 (Exec base: 0x08000000, Load base: 0x08000000, Size: 0x000065f8, Max: 0x00010000, ABSOLUTE)

    Exec Addr    Load Addr    Size         Type   Attr      Idx    E Section Name        Object

    0x08000000   0x08000000   0x000000ec   Data   RO           19    RESET               startup_stm32f10x_md.o
    0x080000ec   0x080000ec   0x00000008   Code   RO         4053  * !!!main             c_w.l(__main.o)
    0x080000f4   0x080000f4   0x00000034   Code   RO         4368    !!!scatter          c_w.l(__scatter.o)
    0x08000128   0x08000128   0x0000001a   Code   RO         4370    !!handler_copy      c_w.l(__scatter_copy.o)
    0x08000142   0x08000142   0x00000002   PAD
    0x08000144   0x08000144   0x0000001c   Code   RO         4372    !!handler_zi        c_w.l(__scatter_zi.o)
    0x08000160   0x08000160   0x00000000   Code   RO         4044    .ARM.Collect$$_printf_percent$$00000000  c_w.l(_printf_percent.o)
    0x08000160   0x08000160   0x00000006   Code   RO         4043    .ARM.Collect$$_printf_percent$$00000003  c_w.l(_printf_f.o)
    0x08000166   0x08000166   0x00000006   Code   RO         4042    .ARM.Collect$$_printf_percent$$00000009  c_w.l(_printf_d.o)
    0x0800016c   0x0800016c   0x00000004   Code   RO         4146    .ARM.Collect$$_printf_percent$$00000017  c_w.l(_printf_percent_end.o)
    0x08000170   0x08000170   0x00000002   Code   RO         4243    .ARM.Collect$$libinit$$00000000  c_w.l(libinit.o)
    0x08000172   0x08000172   0x00000000   Code   RO         4245    .ARM.Collect$$libinit$$00000002  c_w.l(libinit2.o)
    0x08000172   0x08000172   0x00000000   Code   RO         4247    .ARM.Collect$$libinit$$00000004  c_w.l(libinit2.o)
    0x08000172   0x08000172   0x00000000   Code   RO         4250    .ARM.Collect$$libinit$$0000000A  c_w.l(libinit2.o)
    0x08000172   0x08000172   0x00000000   Code   RO         4252    .ARM.Collect$$libinit$$0000000C  c_w.l(libinit2.o)
    0x08000172   0x08000172   0x00000000   Code   RO         4254    .ARM.Collect$$libinit$$0000000E  c_w.l(libinit2.o)
    0x08000172   0x08000172   0x00000006   Code   RO         4255    .ARM.Collect$$libinit$$0000000F  c_w.l(libinit2.o)
    0x08000178   0x08000178   0x00000000   Code   RO         4257    .ARM.Collect$$libinit$$00000011  c_w.l(libinit2.o)
    0x08000178   0x08000178   0x00000000   Code   RO         4259    .ARM.Collect$$libinit$$00000013  c_w.l(libinit2.o)
    0x08000178   0x08000178   0x00000000   Code   RO         4261    .ARM.Collect$$libinit$$00000015  c_w.l(libinit2.o)
    0x08000178   0x08000178   0x0000000a   Code   RO         4262    .ARM.Collect$$libinit$$00000016  c_w.l(libinit2.o)
    0x08000182   0x08000182   0x00000000   Code   RO         4263    .ARM.Collect$$libinit$$00000017  c_w.l(libinit2.o)
    0x08000182   0x08000182   0x00000000   Code   RO         4265    .ARM.Collect$$libinit$$00000019  c_w.l(libinit2.o)
    0x08000182   0x08000182   0x00000000   Code   RO         4267    .ARM.Collect$$libinit$$0000001B  c_w.l(libinit2.o)
    0x08000182   0x08000182   0x00000000   Code   RO         4269    .ARM.Collect$$libinit$$0000001D  c_w.l(libinit2.o)
    0x08000182   0x08000182   0x00000000   Code   RO         4271    .ARM.Collect$$libinit$$0000001F  c_w.l(libinit2.o)
    0x08000182   0x08000182   0x00000000   Code   RO         4273    .ARM.Collect$$libinit$$00000021  c_w.l(libinit2.o)
    0x08000182   0x08000182   0x00000000   Code   RO         4275    .ARM.Collect$$libinit$$00000023  c_w.l(libinit2.o)
    0x08000182   0x08000182   0x00000000   Code   RO         4277    .ARM.Collect$$libinit$$00000025  c_w.l(libinit2.o)
    0x08000182   0x08000182   0x00000000   Code   RO         4281    .ARM.Collect$$libinit$$0000002C  c_w.l(libinit2.o)
    0x08000182   0x08000182   0x00000000   Code   RO         4283    .ARM.Collect$$libinit$$0000002E  c_w.l(libinit2.o)
    0x08000182   0x08000182   0x00000000   Code   RO         4285    .ARM.Collect$$libinit$$00000030  c_w.l(libinit2.o)
    0x08000182   0x08000182   0x00000000   Code   RO         4287    .ARM.Collect$$libinit$$00000032  c_w.l(libinit2.o)
    0x08000182   0x08000182   0x00000002   Code   RO         4288    .ARM.Collect$$libinit$$00000033  c_w.l(libinit2.o)
    0x08000184   0x08000184   0x00000002   Code   RO         4316    .ARM.Collect$$libshutdown$$00000000  c_w.l(libshutdown.o)
    0x08000186   0x08000186   0x00000000   Code   RO         4325    .ARM.Collect$$libshutdown$$00000002  c_w.l(libshutdown2.o)
    0x08000186   0x08000186   0x00000000   Code   RO         4327    .ARM.Collect$$libshutdown$$00000004  c_w.l(libshutdown2.o)
    0x08000186   0x08000186   0x00000000   Code   RO         4329    .ARM.Collect$$libshutdown$$00000006  c_w.l(libshutdown2.o)
    0x08000186   0x08000186   0x00000000   Code   RO         4332    .ARM.Collect$$libshutdown$$00000009  c_w.l(libshutdown2.o)
    0x08000186   0x08000186   0x00000000   Code   RO         4335    .ARM.Collect$$libshutdown$$0000000C  c_w.l(libshutdown2.o)
    0x08000186   0x08000186   0x00000000   Code   RO         4337    .ARM.Collect$$libshutdown$$0000000E  c_w.l(libshutdown2.o)
    0x08000186   0x08000186   0x00000000   Code   RO         4340    .ARM.Collect$$libshutdown$$00000011  c_w.l(libshutdown2.o)
    0x08000186   0x08000186   0x00000002   Code   RO         4341    .ARM.Collect$$libshutdown$$00000012  c_w.l(libshutdown2.o)
    0x08000188   0x08000188   0x00000000   Code   RO         4133    .ARM.Collect$$rtentry$$00000000  c_w.l(__rtentry.o)
    0x08000188   0x08000188   0x00000000   Code   RO         4163    .ARM.Collect$$rtentry$$00000002  c_w.l(__rtentry2.o)
    0x08000188   0x08000188   0x00000006   Code   RO         4175    .ARM.Collect$$rtentry$$00000004  c_w.l(__rtentry4.o)
    0x0800018e   0x0800018e   0x00000000   Code   RO         4165    .ARM.Collect$$rtentry$$00000009  c_w.l(__rtentry2.o)
    0x0800018e   0x0800018e   0x00000004   Code   RO         4166    .ARM.Collect$$rtentry$$0000000A  c_w.l(__rtentry2.o)
    0x08000192   0x08000192   0x00000000   Code   RO         4168    .ARM.Collect$$rtentry$$0000000C  c_w.l(__rtentry2.o)
    0x08000192   0x08000192   0x00000008   Code   RO         4169    .ARM.Collect$$rtentry$$0000000D  c_w.l(__rtentry2.o)
    0x0800019a   0x0800019a   0x00000002   Code   RO         4289    .ARM.Collect$$rtexit$$00000000  c_w.l(rtexit.o)
    0x0800019c   0x0800019c   0x00000000   Code   RO         4296    .ARM.Collect$$rtexit$$00000002  c_w.l(rtexit2.o)
    0x0800019c   0x0800019c   0x00000004   Code   RO         4297    .ARM.Collect$$rtexit$$00000003  c_w.l(rtexit2.o)
    0x080001a0   0x080001a0   0x00000006   Code   RO         4298    .ARM.Collect$$rtexit$$00000004  c_w.l(rtexit2.o)
    0x080001a6   0x080001a6   0x00000002   PAD
    0x080001a8   0x080001a8   0x00000040   Code   RO           20    .text               startup_stm32f10x_md.o
    0x080001e8   0x080001e8   0x00000002   Code   RO         4008    .text               c_w.l(use_no_semi_2.o)
    0x080001ea   0x080001ea   0x00000002   PAD
    0x080001ec   0x080001ec   0x00000018   Code   RO         4014    .text               c_w.l(noretval__2printf.o)
    0x08000204   0x08000204   0x00000028   Code   RO         4016    .text               c_w.l(noretval__2sprintf.o)
    0x0800022c   0x0800022c   0x00000078   Code   RO         4020    .text               c_w.l(_printf_dec.o)
    0x080002a4   0x080002a4   0x0000010e   Code   RO         4030    .text               c_w.l(__printf_wp.o)
    0x080003b2   0x080003b2   0x0000003e   Code   RO         4045    .text               c_w.l(strlen.o)
    0x080003f0   0x080003f0   0x00000064   Code   RO         4047    .text               c_w.l(rt_memcpy_w.o)
    0x08000454   0x08000454   0x0000004e   Code   RO         4049    .text               c_w.l(rt_memclr_w.o)
    0x080004a2   0x080004a2   0x00000006   Code   RO         4051    .text               c_w.l(heapauxi.o)
    0x080004a8   0x080004a8   0x00000002   Code   RO         4131    .text               c_w.l(use_no_semi.o)
    0x080004aa   0x080004aa   0x00000016   Code   RO         4134    .text               c_w.l(_rserrno.o)
    0x080004c0   0x080004c0   0x000000b2   Code   RO         4136    .text               c_w.l(_printf_intcommon.o)
    0x08000572   0x08000572   0x0000041e   Code   RO         4138    .text               c_w.l(_printf_fp_dec.o)
    0x08000990   0x08000990   0x00000030   Code   RO         4140    .text               c_w.l(_printf_char_common.o)
    0x080009c0   0x080009c0   0x0000000a   Code   RO         4142    .text               c_w.l(_sputc.o)
    0x080009ca   0x080009ca   0x00000002   PAD
    0x080009cc   0x080009cc   0x00000024   Code   RO         4144    .text               c_w.l(_printf_char_file.o)
    0x080009f0   0x080009f0   0x00000008   Code   RO         4180    .text               c_w.l(rt_locale_intlibspace.o)
    0x080009f8   0x080009f8   0x00000008   Code   RO         4185    .text               c_w.l(rt_errno_addr_intlibspace.o)
    0x08000a00   0x08000a00   0x0000008a   Code   RO         4187    .text               c_w.l(lludiv10.o)
    0x08000a8a   0x08000a8a   0x00000002   PAD
    0x08000a8c   0x08000a8c   0x00000080   Code   RO         4189    .text               c_w.l(_printf_fp_infnan.o)
    0x08000b0c   0x08000b0c   0x000000e4   Code   RO         4193    .text               c_w.l(bigflt0.o)
    0x08000bf0   0x08000bf0   0x00000008   Code   RO         4218    .text               c_w.l(ferror.o)
    0x08000bf8   0x08000bf8   0x00000008   Code   RO         4229    .text               c_w.l(libspace.o)
    0x08000c00   0x08000c00   0x0000004a   Code   RO         4232    .text               c_w.l(sys_stackheap_outer.o)
    0x08000c4a   0x08000c4a   0x00000012   Code   RO         4234    .text               c_w.l(exit.o)
    0x08000c5c   0x08000c5c   0x00000080   Code   RO         4236    .text               c_w.l(strcmpv7m.o)
    0x08000cdc   0x08000cdc   0x0000003e   Code   RO         4196    CL$$btod_d2e        c_w.l(btod.o)
    0x08000d1a   0x08000d1a   0x00000046   Code   RO         4198    CL$$btod_d2e_denorm_low  c_w.l(btod.o)
    0x08000d60   0x08000d60   0x00000060   Code   RO         4197    CL$$btod_d2e_norm_op1  c_w.l(btod.o)
    0x08000dc0   0x08000dc0   0x00000338   Code   RO         4206    CL$$btod_div_common  c_w.l(btod.o)
    0x080010f8   0x080010f8   0x000000dc   Code   RO         4203    CL$$btod_e2e        c_w.l(btod.o)
    0x080011d4   0x080011d4   0x0000002a   Code   RO         4200    CL$$btod_ediv       c_w.l(btod.o)
    0x080011fe   0x080011fe   0x0000002a   Code   RO         4199    CL$$btod_emul       c_w.l(btod.o)
    0x08001228   0x08001228   0x00000244   Code   RO         4205    CL$$btod_mult_common  c_w.l(btod.o)
    0x0800146c   0x0800146c   0x00000016   Code   RO          355    i.ADC_Cmd           stm32f10x_adc.o
    0x08001482   0x08001482   0x00000014   Code   RO          363    i.ADC_GetCalibrationStatus  stm32f10x_adc.o
    0x08001496   0x08001496   0x00000008   Code   RO          364    i.ADC_GetConversionValue  stm32f10x_adc.o
    0x0800149e   0x0800149e   0x00000012   Code   RO          366    i.ADC_GetFlagStatus  stm32f10x_adc.o
    0x080014b0   0x080014b0   0x00000014   Code   RO          369    i.ADC_GetResetCalibrationStatus  stm32f10x_adc.o
    0x080014c4   0x080014c4   0x00000050   Code   RO          373    i.ADC_Init          stm32f10x_adc.o
    0x08001514   0x08001514   0x000000b8   Code   RO          377    i.ADC_RegularChannelConfig  stm32f10x_adc.o
    0x080015cc   0x080015cc   0x0000000a   Code   RO          378    i.ADC_ResetCalibration  stm32f10x_adc.o
    0x080015d6   0x080015d6   0x00000016   Code   RO          380    i.ADC_SoftwareStartConvCmd  stm32f10x_adc.o
    0x080015ec   0x080015ec   0x0000000a   Code   RO          382    i.ADC_StartCalibration  stm32f10x_adc.o
    0x080015f6   0x080015f6   0x00000002   PAD
    0x080015f8   0x080015f8   0x00000024   Code   RO           24    i.AD_GetValue       main.o
    0x0800161c   0x0800161c   0x000000a0   Code   RO           25    i.AD_init           main.o
    0x080016bc   0x080016bc   0x00000004   Code   RO          190    i.BusFault_Handler  stm32f10x_it.o
    0x080016c0   0x080016c0   0x0000002c   Code   RO         3701    i.Buzzer            key.o
    0x080016ec   0x080016ec   0x0000007c   Code   RO         3743    i.CountSensor_Init  countsensor.o
    0x08001768   0x08001768   0x00000002   Code   RO          191    i.DebugMon_Handler  stm32f10x_it.o
    0x0800176a   0x0800176a   0x0000000c   Code   RO         3472    i.Delay             oled.o
    0x08001776   0x08001776   0x0000004c   Code   RO         3767    i.EE                algorithm.o
    0x080017c2   0x080017c2   0x00000002   PAD
    0x080017c4   0x080017c4   0x00000038   Code   RO         3702    i.EXTI15_10_IRQHandler  key.o
    0x080017fc   0x080017fc   0x0000000c   Code   RO         1111    i.EXTI_ClearITPendingBit  stm32f10x_exti.o
    0x08001808   0x08001808   0x00000028   Code   RO         1115    i.EXTI_GetITStatus  stm32f10x_exti.o
    0x08001830   0x08001830   0x00000094   Code   RO         1116    i.EXTI_Init         stm32f10x_exti.o
    0x080018c4   0x080018c4   0x0000018c   Code   RO         3768    i.FFT               algorithm.o
    0x08001a50   0x08001a50   0x00000040   Code   RO         1461    i.GPIO_EXTILineConfig  stm32f10x_gpio.o
    0x08001a90   0x08001a90   0x00000116   Code   RO         1464    i.GPIO_Init         stm32f10x_gpio.o
    0x08001ba6   0x08001ba6   0x00000002   PAD
    0x08001ba8   0x08001ba8   0x00000090   Code   RO         1466    i.GPIO_PinRemapConfig  stm32f10x_gpio.o
    0x08001c38   0x08001c38   0x00000012   Code   RO         1468    i.GPIO_ReadInputDataBit  stm32f10x_gpio.o
    0x08001c4a   0x08001c4a   0x00000004   Code   RO         1471    i.GPIO_ResetBits    stm32f10x_gpio.o
    0x08001c4e   0x08001c4e   0x00000004   Code   RO         1472    i.GPIO_SetBits      stm32f10x_gpio.o
    0x08001c52   0x08001c52   0x00000004   Code   RO          192    i.HardFault_Handler  stm32f10x_it.o
    0x08001c56   0x08001c56   0x00000002   PAD
    0x08001c58   0x08001c58   0x00000064   Code   RO         3924    i.I2C_Ack           xiic.o
    0x08001cbc   0x08001cbc   0x00000010   Code   RO         3925    i.IIC_Delay         xiic.o
    0x08001ccc   0x08001ccc   0x0000003c   Code   RO         3926    i.IIC_GPIO_INIT     xiic.o
    0x08001d08   0x08001d08   0x00000084   Code   RO         3927    i.IIC_Read_Array    xiic.o
    0x08001d8c   0x08001d8c   0x00000060   Code   RO         3928    i.IIC_Read_Byte     xiic.o
    0x08001dec   0x08001dec   0x00000044   Code   RO         3929    i.IIC_Receive_Byte  xiic.o
    0x08001e30   0x08001e30   0x00000098   Code   RO         3930    i.IIC_Send_Byte     xiic.o
    0x08001ec8   0x08001ec8   0x00000038   Code   RO         3931    i.IIC_Start         xiic.o
    0x08001f00   0x08001f00   0x0000002c   Code   RO         3932    i.IIC_Stop          xiic.o
    0x08001f2c   0x08001f2c   0x00000050   Code   RO         3934    i.IIC_Write_Byte    xiic.o
    0x08001f7c   0x08001f7c   0x0000002c   Code   RO         3703    i.Key_Init          key.o
    0x08001fa8   0x08001fa8   0x00000068   Code   RO         3705    i.Key_Num2          key.o
    0x08002010   0x08002010   0x00000072   Code   RO         3838    i.MAX30102_Config   max30102.o
    0x08002082   0x08002082   0x00000002   PAD
    0x08002084   0x08002084   0x00000028   Code   RO         3839    i.MAX30102_GPIO     max30102.o
    0x080020ac   0x080020ac   0x00000016   Code   RO         3840    i.Max30102_reset    max30102.o
    0x080020c2   0x080020c2   0x00000004   Code   RO          193    i.MemManage_Handler  stm32f10x_it.o
    0x080020c6   0x080020c6   0x00000002   PAD
    0x080020c8   0x080020c8   0x0000003c   Code   RO         3475    i.MoShiEr           oled.o
    0x08002104   0x08002104   0x00000002   Code   RO          194    i.NMI_Handler       stm32f10x_it.o
    0x08002106   0x08002106   0x00000002   PAD
    0x08002108   0x08002108   0x00000070   Code   RO          313    i.NVIC_Init         misc.o
    0x08002178   0x08002178   0x00000014   Code   RO          314    i.NVIC_PriorityGroupConfig  misc.o
    0x0800218c   0x0800218c   0x0000003e   Code   RO         3477    i.OLED_Clear        oled.o
    0x080021ca   0x080021ca   0x00000002   PAD
    0x080021cc   0x080021cc   0x000001c0   Code   RO         3481    i.OLED_Float        oled.o
    0x0800238c   0x0800238c   0x00000028   Code   RO         3483    i.OLED_IIC_Start    oled.o
    0x080023b4   0x080023b4   0x00000020   Code   RO         3484    i.OLED_IIC_Stop     oled.o
    0x080023d4   0x080023d4   0x00000018   Code   RO         3485    i.OLED_IIC_Wait_Ack  oled.o
    0x080023ec   0x080023ec   0x00000120   Code   RO         3486    i.OLED_Init         oled.o
    0x0800250c   0x0800250c   0x00000028   Code   RO         3493    i.OLED_Set_Pos      oled.o
    0x08002534   0x08002534   0x00000056   Code   RO         3494    i.OLED_ShowCHinese16x16  oled.o
    0x0800258a   0x0800258a   0x00000002   PAD
    0x0800258c   0x0800258c   0x000000a4   Code   RO         3495    i.OLED_ShowChar     oled.o
    0x08002630   0x08002630   0x00000088   Code   RO         3496    i.OLED_ShowNumber   oled.o
    0x080026b8   0x080026b8   0x00000036   Code   RO         3497    i.OLED_ShowString   oled.o
    0x080026ee   0x080026ee   0x00000018   Code   RO         3498    i.OLED_WR_Byte      oled.o
    0x08002706   0x08002706   0x00000002   PAD
    0x08002708   0x08002708   0x00000054   Code   RO         3499    i.OLED_Write_IIC_Byte  oled.o
    0x0800275c   0x0800275c   0x0000002c   Code   RO         3500    i.OLED_Write_IIC_Command  oled.o
    0x08002788   0x08002788   0x0000002c   Code   RO         3501    i.OLED_Write_IIC_Data  oled.o
    0x080027b4   0x080027b4   0x000000ba   Code   RO         3400    i.PEC_Calculation   mlx90614.o
    0x0800286e   0x0800286e   0x00000002   Code   RO          195    i.PendSV_Handler    stm32f10x_it.o
    0x08002870   0x08002870   0x00000018   Code   RO         1878    i.RCC_ADCCLKConfig  stm32f10x_rcc.o
    0x08002888   0x08002888   0x00000020   Code   RO         1880    i.RCC_APB1PeriphClockCmd  stm32f10x_rcc.o
    0x080028a8   0x080028a8   0x00000020   Code   RO         1882    i.RCC_APB2PeriphClockCmd  stm32f10x_rcc.o
    0x080028c8   0x080028c8   0x000000d4   Code   RO         1890    i.RCC_GetClocksFreq  stm32f10x_rcc.o
    0x0800299c   0x0800299c   0x0000001a   Code   RO         3401    i.SMBus_Delay       mlx90614.o
    0x080029b6   0x080029b6   0x00000002   PAD
    0x080029b8   0x080029b8   0x00000038   Code   RO         3402    i.SMBus_Init        mlx90614.o
    0x080029f0   0x080029f0   0x000000a6   Code   RO         3403    i.SMBus_ReadMemory  mlx90614.o
    0x08002a96   0x08002a96   0x00000002   PAD
    0x08002a98   0x08002a98   0x00000044   Code   RO         3404    i.SMBus_ReadTemp    mlx90614.o
    0x08002adc   0x08002adc   0x00000044   Code   RO         3405    i.SMBus_ReceiveBit  mlx90614.o
    0x08002b20   0x08002b20   0x00000032   Code   RO         3406    i.SMBus_ReceiveByte  mlx90614.o
    0x08002b52   0x08002b52   0x00000002   PAD
    0x08002b54   0x08002b54   0x0000003c   Code   RO         3407    i.SMBus_SendBit     mlx90614.o
    0x08002b90   0x08002b90   0x00000030   Code   RO         3408    i.SMBus_SendByte    mlx90614.o
    0x08002bc0   0x08002bc0   0x0000003c   Code   RO         3409    i.SMBus_StartBit    mlx90614.o
    0x08002bfc   0x08002bfc   0x00000038   Code   RO         3410    i.SMBus_StopBit     mlx90614.o
    0x08002c34   0x08002c34   0x00000002   Code   RO          196    i.SVC_Handler       stm32f10x_it.o
    0x08002c36   0x08002c36   0x00000002   PAD
    0x08002c38   0x08002c38   0x00000030   Code   RO         3503    i.Safe              oled.o
    0x08002c68   0x08002c68   0x00000008   Code   RO          279    i.SetSysClock       system_stm32f10x.o
    0x08002c70   0x08002c70   0x000000e0   Code   RO          280    i.SetSysClockTo72   system_stm32f10x.o
    0x08002d50   0x08002d50   0x00000028   Code   RO          317    i.SysTick_CLKSourceConfig  misc.o
    0x08002d78   0x08002d78   0x00000002   Code   RO          197    i.SysTick_Handler   stm32f10x_it.o
    0x08002d7a   0x08002d7a   0x00000002   PAD
    0x08002d7c   0x08002d7c   0x00000060   Code   RO          282    i.SystemInit        system_stm32f10x.o
    0x08002ddc   0x08002ddc   0x00000088   Code   RO         3334    i.USART1_IRQHandler  usart.o
    0x08002e64   0x08002e64   0x000000a8   Code   RO         3375    i.USART3_Config     usart3.o
    0x08002f0c   0x08002f0c   0x00000038   Code   RO         3376    i.USART3_IRQHandler  usart3.o
    0x08002f44   0x08002f44   0x0000002c   Code   RO         3377    i.USART3_SendString  usart3.o
    0x08002f70   0x08002f70   0x00000018   Code   RO         3050    i.USART_Cmd         stm32f10x_usart.o
    0x08002f88   0x08002f88   0x0000001a   Code   RO         3053    i.USART_GetFlagStatus  stm32f10x_usart.o
    0x08002fa2   0x08002fa2   0x00000054   Code   RO         3054    i.USART_GetITStatus  stm32f10x_usart.o
    0x08002ff6   0x08002ff6   0x0000004a   Code   RO         3056    i.USART_ITConfig    stm32f10x_usart.o
    0x08003040   0x08003040   0x000000d8   Code   RO         3057    i.USART_Init        stm32f10x_usart.o
    0x08003118   0x08003118   0x0000000a   Code   RO         3064    i.USART_ReceiveData  stm32f10x_usart.o
    0x08003122   0x08003122   0x00000008   Code   RO         3067    i.USART_SendData    stm32f10x_usart.o
    0x0800312a   0x0800312a   0x00000028   Code   RO         3874    i.USART_SendString  blood.o
    0x08003152   0x08003152   0x00000004   Code   RO          198    i.UsageFault_Handler  stm32f10x_it.o
    0x08003156   0x08003156   0x00000002   PAD
    0x08003158   0x08003158   0x00000030   Code   RO         3504    i.Warning           oled.o
    0x08003188   0x08003188   0x00000028   Code   RO         3769    i.XCos              algorithm.o
    0x080031b0   0x080031b0   0x00000210   Code   RO         3770    i.XSin              algorithm.o
    0x080033c0   0x080033c0   0x00000028   Code   RO         4227    i.__ARM_fpclassify  m_ws.l(fpclassify.o)
    0x080033e8   0x080033e8   0x0000000e   Code   RO         4032    i._is_digit         c_w.l(__printf_wp.o)
    0x080033f6   0x080033f6   0x00000004   Code   RO         3335    i._sys_exit         usart.o
    0x080033fa   0x080033fa   0x00000002   PAD
    0x080033fc   0x080033fc   0x00000080   Code   RO         3875    i.blood_Loop        blood.o
    0x0800347c   0x0800347c   0x000006b0   Code   RO         3876    i.blood_data_translate  blood.o
    0x08003b2c   0x08003b2c   0x000000c8   Code   RO         3877    i.blood_data_update  blood.o
    0x08003bf4   0x08003bf4   0x00000044   Code   RO         3280    i.delay_init        delay.o
    0x08003c38   0x08003c38   0x0000004c   Code   RO         3281    i.delay_ms          delay.o
    0x08003c84   0x08003c84   0x000000a8   Code   RO         3505    i.display           oled.o
    0x08003d2c   0x08003d2c   0x00000032   Code   RO         3773    i.find_max_num_index  algorithm.o
    0x08003d5e   0x08003d5e   0x00000002   PAD
    0x08003d60   0x08003d60   0x0000001c   Code   RO         3336    i.fputc             usart.o
    0x08003d7c   0x08003d7c   0x00000354   Code   RO           26    i.main              main.o
    0x080040d0   0x080040d0   0x000000cc   Code   RO         3841    i.max30102_read_fifo  max30102.o
    0x0800419c   0x0800419c   0x0000004c   Code   RO         3774    i.my_floor          algorithm.o
    0x080041e8   0x080041e8   0x00000098   Code   RO         3775    i.my_fmod           algorithm.o
    0x08004280   0x08004280   0x00000054   Code   RO         3878    i.noise_filter      blood.o
    0x080042d4   0x080042d4   0x00000016   Code   RO         3507    i.oled_pow          oled.o
    0x080042ea   0x080042ea   0x0000002c   Code   RO         4124    i.sqrtf             m_ws.l(sqrtf.o)
    0x08004316   0x08004316   0x00000002   PAD
    0x08004318   0x08004318   0x000000a0   Code   RO         3337    i.uart_init         usart.o
    0x080043b8   0x080043b8   0x0000002c   Code   RO         4223    locale$$code        c_w.l(lc_numeric_c.o)
    0x080043e4   0x080043e4   0x00000062   Code   RO         4055    x$fpl$d2f           fz_ws.l(d2f.o)
    0x08004446   0x08004446   0x00000002   PAD
    0x08004448   0x08004448   0x00000150   Code   RO         4057    x$fpl$dadd          fz_ws.l(daddsub_clz.o)
    0x08004598   0x08004598   0x00000018   Code   RO         4147    x$fpl$dcmpinf       fz_ws.l(dcmpi.o)
    0x080045b0   0x080045b0   0x000002b0   Code   RO         4064    x$fpl$ddiv          fz_ws.l(ddiv.o)
    0x08004860   0x08004860   0x00000078   Code   RO         4067    x$fpl$deqf          fz_ws.l(deqf.o)
    0x080048d8   0x080048d8   0x0000005e   Code   RO         4069    x$fpl$dfix          fz_ws.l(dfix.o)
    0x08004936   0x08004936   0x00000002   PAD
    0x08004938   0x08004938   0x0000005a   Code   RO         4073    x$fpl$dfixu         fz_ws.l(dfixu.o)
    0x08004992   0x08004992   0x0000002e   Code   RO         4078    x$fpl$dflt          fz_ws.l(dflt_clz.o)
    0x080049c0   0x080049c0   0x00000026   Code   RO         4077    x$fpl$dfltu         fz_ws.l(dflt_clz.o)
    0x080049e6   0x080049e6   0x00000002   PAD
    0x080049e8   0x080049e8   0x00000078   Code   RO         4083    x$fpl$dleqf         fz_ws.l(dleqf.o)
    0x08004a60   0x08004a60   0x00000154   Code   RO         4085    x$fpl$dmul          fz_ws.l(dmul.o)
    0x08004bb4   0x08004bb4   0x0000009c   Code   RO         4149    x$fpl$dnaninf       fz_ws.l(dnaninf.o)
    0x08004c50   0x08004c50   0x0000000c   Code   RO         4151    x$fpl$dretinf       fz_ws.l(dretinf.o)
    0x08004c5c   0x08004c5c   0x0000006c   Code   RO         4087    x$fpl$drleqf        fz_ws.l(drleqf.o)
    0x08004cc8   0x08004cc8   0x00000016   Code   RO         4058    x$fpl$drsb          fz_ws.l(daddsub_clz.o)
    0x08004cde   0x08004cde   0x00000002   PAD
    0x08004ce0   0x08004ce0   0x000001d4   Code   RO         4059    x$fpl$dsub          fz_ws.l(daddsub_clz.o)
    0x08004eb4   0x08004eb4   0x00000056   Code   RO         4089    x$fpl$f2d           fz_ws.l(f2d.o)
    0x08004f0a   0x08004f0a   0x00000002   PAD
    0x08004f0c   0x08004f0c   0x000000c4   Code   RO         4091    x$fpl$fadd          fz_ws.l(faddsub_clz.o)
    0x08004fd0   0x08004fd0   0x00000018   Code   RO         4153    x$fpl$fcmpinf       fz_ws.l(fcmpi.o)
    0x08004fe8   0x08004fe8   0x00000184   Code   RO         4098    x$fpl$fdiv          fz_ws.l(fdiv.o)
    0x0800516c   0x0800516c   0x00000068   Code   RO         4101    x$fpl$feqf          fz_ws.l(feqf.o)
    0x080051d4   0x080051d4   0x00000036   Code   RO         4103    x$fpl$ffix          fz_ws.l(ffix.o)
    0x0800520a   0x0800520a   0x00000002   PAD
    0x0800520c   0x0800520c   0x0000003e   Code   RO         4107    x$fpl$ffixu         fz_ws.l(ffixu.o)
    0x0800524a   0x0800524a   0x00000002   PAD
    0x0800524c   0x0800524c   0x00000030   Code   RO         4112    x$fpl$fflt          fz_ws.l(fflt_clz.o)
    0x0800527c   0x0800527c   0x00000026   Code   RO         4111    x$fpl$ffltu         fz_ws.l(fflt_clz.o)
    0x080052a2   0x080052a2   0x00000002   PAD
    0x080052a4   0x080052a4   0x00000068   Code   RO         4117    x$fpl$fleqf         fz_ws.l(fleqf.o)
    0x0800530c   0x0800530c   0x00000102   Code   RO         4119    x$fpl$fmul          fz_ws.l(fmul.o)
    0x0800540e   0x0800540e   0x0000008c   Code   RO         4155    x$fpl$fnaninf       fz_ws.l(fnaninf.o)
    0x0800549a   0x0800549a   0x0000000a   Code   RO         4157    x$fpl$fretinf       fz_ws.l(fretinf.o)
    0x080054a4   0x080054a4   0x00000110   Code   RO         4159    x$fpl$fsqrt         fz_ws.l(fsqrt.o)
    0x080055b4   0x080055b4   0x000000ea   Code   RO         4093    x$fpl$fsub          fz_ws.l(faddsub_clz.o)
    0x0800569e   0x0800569e   0x00000004   Code   RO         4121    x$fpl$printf1       fz_ws.l(printf1.o)
    0x080056a2   0x080056a2   0x00000000   Code   RO         4161    x$fpl$usenofp       fz_ws.l(usenofp.o)
    0x080056a2   0x080056a2   0x00000002   PAD
    0x080056a4   0x080056a4   0x00000b58   Data   RO         3508    .constdata          oled.o
    0x080061fc   0x080061fc   0x00000004   PAD
    0x08006200   0x08006200   0x00000328   Data   RO         3777    .constdata          algorithm.o
    0x08006528   0x08006528   0x00000094   Data   RO         4194    .constdata          c_w.l(bigflt0.o)
    0x080065bc   0x080065bc   0x00000020   Data   RO         4366    Region$$Table       anon$$obj.o
    0x080065dc   0x080065dc   0x0000001c   Data   RO         4222    locale$$data        c_w.l(lc_numeric_c.o)


    Execution Region RW_IRAM1 (Exec base: 0x20000000, Load base: 0x080065f8, Size: 0x000028d0, Max: 0x00005000, ABSOLUTE)

    Exec Addr    Load Addr    Size         Type   Attr      Idx    E Section Name        Object

    0x20000000   0x080065f8   0x0000000a   Data   RW           27    .data               main.o
    0x2000000a   0x08006602   0x00000002   PAD
    0x2000000c   0x08006604   0x00000014   Data   RW          283    .data               system_stm32f10x.o
    0x20000020   0x08006618   0x00000014   Data   RW         1910    .data               stm32f10x_rcc.o
    0x20000034   0x0800662c   0x00000004   Data   RW         3283    .data               delay.o
    0x20000038   0x08006630   0x00000006   Data   RW         3339    .data               usart.o
    0x2000003e   0x08006636   0x00000002   PAD
    0x20000040   0x08006638   0x0000000a   Data   RW         3706    .data               key.o
    0x2000004a   0x08006642   0x00000004   Data   RW         3842    .data               max30102.o
    0x2000004e   0x08006646   0x00000002   PAD
    0x20000050   0x08006648   0x00000018   Data   RW         3880    .data               blood.o
    0x20000068   0x08006660   0x00000001   Data   RW         3935    .data               xiic.o
    0x20000069   0x08006661   0x00000003   PAD
    0x2000006c        -       0x000000c8   Zero   RW         3338    .bss                usart.o
    0x20000134        -       0x0000213c   Zero   RW         3879    .bss                blood.o
    0x20002270        -       0x00000060   Zero   RW         4230    .bss                c_w.l(libspace.o)
    0x200022d0        -       0x00000200   Zero   RW           18    HEAP                startup_stm32f10x_md.o
    0x200024d0        -       0x00000400   Zero   RW           17    STACK               startup_stm32f10x_md.o


==============================================================================

Image component sizes


      Code (inc. data)   RO Data    RW Data    ZI Data      Debug   Object Name

      1318         60        808          0          0       6475   algorithm.o
      2164        274          0         24       8508       5329   blood.o
         0          0          0          0          0       4540   core_cm3.o
       124          4          0          0          0        615   countsensor.o
       144         22          0          4          0       1160   delay.o
       248         28          0         10          0       2197   key.o
      1048        168          0         10          0     240538   main.o
       380         14          0          4          0       2599   max30102.o
       172         22          0          0          0       1913   misc.o
       844         40          0          0          0       6870   mlx90614.o
      1928         64       2904          0          0      13600   oled.o
        64         26        236          0       1536        792   startup_stm32f10x_md.o
       394         10          0          0          0       7649   stm32f10x_adc.o
       200         18          0          0          0       1960   stm32f10x_exti.o
       512         10          0          0          0       4864   stm32f10x_gpio.o
        26          0          0          0          0       3590   stm32f10x_it.o
       300         38          0         20          0       4781   stm32f10x_rcc.o
       442          6          0          0          0       5885   stm32f10x_usart.o
       328         28          0         20          0       2017   system_stm32f10x.o
       328         26          0          6        200       4260   usart.o
       268         22          0          0          0       1700   usart3.o
       804         48          0          1          0       6928   xiic.o

    ----------------------------------------------------------------------
     12072        928       3984        108      10244     330262   Object Totals
         0          0         32          0          0          0   (incl. Generated)
        36          0          4          9          0          0   (incl. Padding)

    ----------------------------------------------------------------------

      Code (inc. data)   RO Data    RW Data    ZI Data      Debug   Library Member Name

         8          0          0          0          0         68   __main.o
       284          0          0          0          0        156   __printf_wp.o
         0          0          0          0          0          0   __rtentry.o
        12          0          0          0          0          0   __rtentry2.o
         6          0          0          0          0          0   __rtentry4.o
        52          8          0          0          0          0   __scatter.o
        26          0          0          0          0          0   __scatter_copy.o
        28          0          0          0          0          0   __scatter_zi.o
        48          6          0          0          0         96   _printf_char_common.o
        36          4          0          0          0         80   _printf_char_file.o
         6          0          0          0          0          0   _printf_d.o
       120         16          0          0          0         92   _printf_dec.o
         6          0          0          0          0          0   _printf_f.o
      1054          0          0          0          0        216   _printf_fp_dec.o
       128         16          0          0          0         84   _printf_fp_infnan.o
       178          0          0          0          0         88   _printf_intcommon.o
         0          0          0          0          0          0   _printf_percent.o
         4          0          0          0          0          0   _printf_percent_end.o
        22          0          0          0          0        100   _rserrno.o
        10          0          0          0          0         68   _sputc.o
       228          4        148          0          0         96   bigflt0.o
      1936        128          0          0          0        672   btod.o
        18          0          0          0          0         80   exit.o
         8          0          0          0          0         68   ferror.o
         6          0          0          0          0        152   heapauxi.o
        44         10         28          0          0         76   lc_numeric_c.o
         2          0          0          0          0          0   libinit.o
        18          0          0          0          0          0   libinit2.o
         2          0          0          0          0          0   libshutdown.o
         2          0          0          0          0          0   libshutdown2.o
         8          4          0          0         96         68   libspace.o
       138          0          0          0          0         80   lludiv10.o
        24          4          0          0          0         84   noretval__2printf.o
        40          6          0          0          0         84   noretval__2sprintf.o
         8          4          0          0          0         68   rt_errno_addr_intlibspace.o
         8          4          0          0          0         68   rt_locale_intlibspace.o
        78          0          0          0          0         80   rt_memclr_w.o
       100          0          0          0          0         80   rt_memcpy_w.o
         2          0          0          0          0          0   rtexit.o
        10          0          0          0          0          0   rtexit2.o
       128          0          0          0          0         68   strcmpv7m.o
        62          0          0          0          0         76   strlen.o
        74          0          0          0          0         80   sys_stackheap_outer.o
         2          0          0          0          0         68   use_no_semi.o
         2          0          0          0          0         68   use_no_semi_2.o
        98          4          0          0          0         92   d2f.o
       826         16          0          0          0        348   daddsub_clz.o
        24          0          0          0          0         68   dcmpi.o
       688        140          0          0          0        208   ddiv.o
       120          4          0          0          0         92   deqf.o
        94          4          0          0          0         92   dfix.o
        90          4          0          0          0         92   dfixu.o
        84          0          0          0          0        136   dflt_clz.o
       120          4          0          0          0         92   dleqf.o
       340         12          0          0          0        104   dmul.o
       156          4          0          0          0         92   dnaninf.o
        12          0          0          0          0         68   dretinf.o
       108          0          0          0          0         80   drleqf.o
        86          4          0          0          0         84   f2d.o
       430          8          0          0          0        168   faddsub_clz.o
        24          0          0          0          0         68   fcmpi.o
       388         76          0          0          0         96   fdiv.o
       104          4          0          0          0         84   feqf.o
        54          4          0          0          0         84   ffix.o
        62          4          0          0          0         84   ffixu.o
        86          0          0          0          0        136   fflt_clz.o
       104          4          0          0          0         84   fleqf.o
       258          4          0          0          0         84   fmul.o
       140          4          0          0          0         84   fnaninf.o
        10          0          0          0          0         68   fretinf.o
       272        100          0          0          0         88   fsqrt.o
         4          0          0          0          0         68   printf1.o
         0          0          0          0          0          0   usenofp.o
        40          0          0          0          0         68   fpclassify.o
        44          0          0          0          0         80   sqrtf.o

    ----------------------------------------------------------------------
      9872        618        176          0         96       6156   Library Totals
        30          0          0          0          0          0   (incl. Padding)

    ----------------------------------------------------------------------

      Code (inc. data)   RO Data    RW Data    ZI Data      Debug   Library Name

      4976        214        176          0         96       3164   c_w.l
      4782        404          0          0          0       2844   fz_ws.l
        84          0          0          0          0        148   m_ws.l

    ----------------------------------------------------------------------
      9872        618        176          0         96       6156   Library Totals

    ----------------------------------------------------------------------

==============================================================================


      Code (inc. data)   RO Data    RW Data    ZI Data      Debug   

     21944       1546       4160        108      10340     326898   Grand Totals
     21944       1546       4160        108      10340     326898   ELF Image Totals
     21944       1546       4160        108          0          0   ROM Totals

==============================================================================

    Total RO  Size (Code + RO Data)                26104 (  25.49kB)
    Total RW  Size (RW Data + ZI Data)             10448 (  10.20kB)
    Total ROM Size (Code + RO Data + RW Data)      26212 (  25.60kB)

==============================================================================

