<html>
<body>
<pre>
<h1>µVision Build Log</h1>
<h2>Tool Versions:</h2>
IDE-Version: ¦ÌVision V5.40.0.12
Copyright (C) 2024 ARM Ltd and ARM Germany GmbH. All rights reserved.
License Information: hm zhangjun6668787@outlook.com, fgh, LIC=D0D7S-LCFTM-BSTYX-HHKYZ-VRY7M-4PX9U
 
Tool Versions:
Toolchain:       MDK-ARM Plus  Version: 5.40.0.5
Toolchain Path:  C:\Keil_v5\ARM\ARMCC\Bin
C Compiler:      Armcc.exe V5.06 update 7 (build 960)
Assembler:       Armasm.exe V5.06 update 7 (build 960)
Linker/Locator:  ArmLink.exe V5.06 update 7 (build 960)
Library Manager: ArmAr.exe V5.06 update 7 (build 960)
Hex Converter:   FromElf.exe V5.06 update 7 (build 960)
CPU DLL:         SARMCM3.DLL V5.40.0.5
Dialog DLL:      DCM.DLL V1.17.5.0
Target DLL:      CMSIS_AGDI.dll V1.33.21.0
Dialog DLL:      TCM.DLL V1.56.4.0
 
<h2>Project:</h2>
F:\chengxuwenjian\STM32\bishe\1Project\main1.3\USER\LY_MLX90614.uvprojx
Project File Date:  12/11/2024

<h2>Output:</h2>
*** Using Compiler 'V5.06 update 7 (build 960)', folder: 'C:\Keil_v5\ARM\ARMCC\Bin'
Rebuild target 'ºìÍâ²âÎÂ'
assembling startup_stm32f10x_md.s...
compiling core_cm3.c...
compiling stm32f10x_dac.c...
compiling stm32f10x_crc.c...
compiling stm32f10x_flash.c...
compiling stm32f10x_dma.c...
compiling stm32f10x_exti.c...
compiling stm32f10x_adc.c...
compiling stm32f10x_dbgmcu.c...
compiling stm32f10x_bkp.c...
compiling stm32f10x_it.c...
compiling stm32f10x_fsmc.c...
compiling stm32f10x_cec.c...
compiling misc.c...
compiling system_stm32f10x.c...
compiling stm32f10x_can.c...
compiling main.c...
main.c(87): warning:  #223-D: function "Key_Init" declared implicitly
  	Key_Init();//ï¿½ï¿½ï¿½ï¿½ï¿½ï¿½Ê¼ï¿½ï¿½	
main.c(90): warning:  #223-D: function "CountSensor_Init" declared implicitly
  	CountSensor_Init();
main.c(94): warning:  #223-D: function "Buzzer" declared implicitly
  	Buzzer(); 
main.c(159): warning:  #223-D: function "Key_Num2" declared implicitly
  		KeyNumber2=Key_Num2();
main.c(164): warning:  #223-D: function "Warning" declared implicitly
  			Warning();			
main.c(169): warning:  #223-D: function "Safe" declared implicitly
  			Safe();
main.c(176): warning:  #223-D: function "USART3_SendString" declared implicitly
  		USART3_SendString(buffer); 
main.c(79): warning:  #177-D: variable "BaoJing"  was declared but never referenced
  	uint8_t KeyNumber2,BaoJing;
main.c(83): warning:  #177-D: variable "BuChang"  was declared but never referenced
      char BuChang[80] = {0};	//ï¿½ï¿½ï¿½ï¿½Öµ
main.c: 9 warnings, 0 errors
compiling stm32f10x_gpio.c...
compiling stm32f10x_i2c.c...
compiling stm32f10x_iwdg.c...
compiling stm32f10x_pwr.c...
compiling stm32f10x_rcc.c...
compiling stm32f10x_rtc.c...
compiling stm32f10x_sdio.c...
compiling stm32f10x_usart.c...
compiling delay.c...
compiling stm32f10x_wwdg.c...
compiling stm32f10x_spi.c...
compiling usart3.c...
compiling usart.c...
compiling stm32f10x_tim.c...
compiling mlx90614.c...
compiling sys.c...
compiling CountSensor.c...
compiling HC05.c...
HARDWARE\HC05\HC05.c(110): warning:  #1-D: last line of file ends without a newline
     
HARDWARE\HC05\HC05.c: 1 warning, 0 errors
compiling KEY.c...
HARDWARE\KEY.c(42): warning:  #223-D: function "MoShiYi" declared implicitly
  		MoShiYi();
HARDWARE\KEY.c(59): warning:  #940-D: missing return statement at end of non-void function "Key_Num1" 
  }
HARDWARE\KEY.c(68): warning:  #223-D: function "MoShiEr" declared implicitly
  		MoShiEr();
HARDWARE\KEY.c(81): warning:  #940-D: missing return statement at end of non-void function "Key_Num2" 
  }
HARDWARE\KEY.c: 4 warnings, 0 errors
compiling oled.c...
compiling algorithm.c...
compiling max30102.c...
compiling xiic.c...
..\..\çº¢å¤– (1)åŽŸç‰ˆ\HARDWARE\XIIC\xiic.c(6): warning:  #47-D: incompatible redefinition of macro "IIC_SCL_GPIO_Pin"  (declared at line 32 of "..\..\ºìÍâ (1)Ô­°æ\HARDWARE\XIIC\xiic.h")
  #define IIC_SCL_GPIO_Pin 				GPIO_Pin_7
..\..\çº¢å¤– (1)åŽŸç‰ˆ\HARDWARE\XIIC\xiic.c(9): warning:  #47-D: incompatible redefinition of macro "IIC_SDA_GPIO_Pin"  (declared at line 35 of "..\..\ºìÍâ (1)Ô­°æ\HARDWARE\XIIC\xiic.h")
  #define IIC_SDA_GPIO_Pin 				GPIO_Pin_8
..\..\ºìÍâ (1)Ô­°æ\HARDWARE\XIIC\xiic.c: 2 warnings, 0 errors
compiling blood.c...
linking...
Program Size: Code=21944 RO-data=4160 RW-data=108 ZI-data=10340  
".\Objects\LY_MLX90614.axf" - 0 Error(s), 16 Warning(s).

<h2>Software Packages used:</h2>

Package Vendor: Keil
                http://www.keil.com/pack/Keil.STM32F1xx_DFP.2.2.0.pack
                Keil::STM32F1xx_DFP@2.2.0
                STMicroelectronics STM32F1 Series Device Support, Drivers and Examples

<h2>Collection of Component include folders:</h2>
  C:/Keil_v5/ARM/Pack/Keil/STM32F1xx_DFP/2.2.0/Device/Include

<h2>Collection of Component Files used:</h2>
Build Time Elapsed:  00:00:02
</pre>
</body>
</html>
